Archive member included to satisfy reference by file (symbol)

c:/siliconlabs/simplicitystudio/v5/developer/toolchains/gnu_arm/10.3_2021.10/bin/../lib/gcc/arm-none-eabi/10.3.1/thumb/v8-m.main+fp/hard\libgcc.a(_arm_muldf3.o)
                              ./ADC_lib.o (__aeabi_dmul)
c:/siliconlabs/simplicitystudio/v5/developer/toolchains/gnu_arm/10.3_2021.10/bin/../lib/gcc/arm-none-eabi/10.3.1/thumb/v8-m.main+fp/hard\libgcc.a(_arm_addsubdf3.o)
                              ./ADC_lib.o (__aeabi_dsub)
c:/siliconlabs/simplicitystudio/v5/developer/toolchains/gnu_arm/10.3_2021.10/bin/../lib/gcc/arm-none-eabi/10.3.1/thumb/v8-m.main+fp/hard\libgcc.a(_arm_muldivdf3.o)
                              ./ADC_lib.o (__aeabi_ddiv)
c:/siliconlabs/simplicitystudio/v5/developer/toolchains/gnu_arm/10.3_2021.10/bin/../lib/gcc/arm-none-eabi/10.3.1/thumb/v8-m.main+fp/hard\libgcc.a(_arm_cmpdf2.o)
                              ./gecko_sdk_4.2.3/hardware/driver/bmp280/bosch/BMP280_driver/bmp280.o (__aeabi_dcmplt)
c:/siliconlabs/simplicitystudio/v5/developer/toolchains/gnu_arm/10.3_2021.10/bin/../lib/gcc/arm-none-eabi/10.3.1/thumb/v8-m.main+fp/hard\libgcc.a(_arm_fixdfsi.o)
                              ./gecko_sdk_4.2.3/hardware/driver/bmp280/bosch/BMP280_driver/bmp280.o (__aeabi_d2iz)
c:/siliconlabs/simplicitystudio/v5/developer/toolchains/gnu_arm/10.3_2021.10/bin/../lib/gcc/arm-none-eabi/10.3.1/thumb/v8-m.main+fp/hard\libgcc.a(_arm_truncdfsf2.o)
                              ./ADC_lib.o (__aeabi_d2f)
c:/siliconlabs/simplicitystudio/v5/developer/toolchains/gnu_arm/10.3_2021.10/bin/../lib/gcc/arm-none-eabi/10.3.1/thumb/v8-m.main+fp/hard\libgcc.a(_aeabi_ldivmod.o)
                              ./gecko_sdk_4.2.3/hardware/driver/bmp280/bosch/BMP280_driver/bmp280.o (__aeabi_ldivmod)
c:/siliconlabs/simplicitystudio/v5/developer/toolchains/gnu_arm/10.3_2021.10/bin/../lib/gcc/arm-none-eabi/10.3.1/thumb/v8-m.main+fp/hard\libgcc.a(_aeabi_uldivmod.o)
                              ./gecko_sdk_4.2.3/platform/emlib/src/em_eusart.o (__aeabi_uldivmod)
c:/siliconlabs/simplicitystudio/v5/developer/toolchains/gnu_arm/10.3_2021.10/bin/../lib/gcc/arm-none-eabi/10.3.1/thumb/v8-m.main+fp/hard\libgcc.a(_udivmoddi4.o)
                              c:/siliconlabs/simplicitystudio/v5/developer/toolchains/gnu_arm/10.3_2021.10/bin/../lib/gcc/arm-none-eabi/10.3.1/thumb/v8-m.main+fp/hard\libgcc.a(_aeabi_ldivmod.o) (__udivmoddi4)
c:/siliconlabs/simplicitystudio/v5/developer/toolchains/gnu_arm/10.3_2021.10/bin/../lib/gcc/arm-none-eabi/10.3.1/thumb/v8-m.main+fp/hard\libgcc.a(_dvmd_tls.o)
                              c:/siliconlabs/simplicitystudio/v5/developer/toolchains/gnu_arm/10.3_2021.10/bin/../lib/gcc/arm-none-eabi/10.3.1/thumb/v8-m.main+fp/hard\libgcc.a(_aeabi_ldivmod.o) (__aeabi_ldiv0)
c:/siliconlabs/simplicitystudio/v5/developer/toolchains/gnu_arm/10.3_2021.10/bin/../lib/gcc/arm-none-eabi/10.3.1/../../../../arm-none-eabi/lib/thumb/v8-m.main+fp/hard\libc_nano.a(lib_a-ctype_.o)
                              ./gecko_sdk_4.2.3/platform/common/src/sl_string.o (_ctype_)
c:/siliconlabs/simplicitystudio/v5/developer/toolchains/gnu_arm/10.3_2021.10/bin/../lib/gcc/arm-none-eabi/10.3.1/../../../../arm-none-eabi/lib/thumb/v8-m.main+fp/hard\libc_nano.a(lib_a-exit.o)
                              c:/siliconlabs/simplicitystudio/v5/developer/toolchains/gnu_arm/10.3_2021.10/bin/../lib/gcc/arm-none-eabi/10.3.1/../../../../arm-none-eabi/lib/thumb/v8-m.main+fp/hard/crt0.o (exit)
c:/siliconlabs/simplicitystudio/v5/developer/toolchains/gnu_arm/10.3_2021.10/bin/../lib/gcc/arm-none-eabi/10.3.1/../../../../arm-none-eabi/lib/thumb/v8-m.main+fp/hard\libc_nano.a(lib_a-impure.o)
                              c:/siliconlabs/simplicitystudio/v5/developer/toolchains/gnu_arm/10.3_2021.10/bin/../lib/gcc/arm-none-eabi/10.3.1/../../../../arm-none-eabi/lib/thumb/v8-m.main+fp/hard\libc_nano.a(lib_a-exit.o) (_global_impure_ptr)
c:/siliconlabs/simplicitystudio/v5/developer/toolchains/gnu_arm/10.3_2021.10/bin/../lib/gcc/arm-none-eabi/10.3.1/../../../../arm-none-eabi/lib/thumb/v8-m.main+fp/hard\libc_nano.a(lib_a-init.o)
                              c:/siliconlabs/simplicitystudio/v5/developer/toolchains/gnu_arm/10.3_2021.10/bin/../lib/gcc/arm-none-eabi/10.3.1/../../../../arm-none-eabi/lib/thumb/v8-m.main+fp/hard/crt0.o (__libc_init_array)
c:/siliconlabs/simplicitystudio/v5/developer/toolchains/gnu_arm/10.3_2021.10/bin/../lib/gcc/arm-none-eabi/10.3.1/../../../../arm-none-eabi/lib/thumb/v8-m.main+fp/hard\libc_nano.a(lib_a-memcpy-stub.o)
                              ./gecko_sdk_4.2.3/platform/service/iostream/src/sl_iostream_uart.o (memcpy)
c:/siliconlabs/simplicitystudio/v5/developer/toolchains/gnu_arm/10.3_2021.10/bin/../lib/gcc/arm-none-eabi/10.3.1/../../../../arm-none-eabi/lib/thumb/v8-m.main+fp/hard\libc_nano.a(lib_a-memset.o)
[...]
Memory Configuration

Name             Origin             Length             Attributes
FLASH            0x08000000         0x0017e000         xr
RAM              0x20000000         0x00040000         xrw
*default*        0x00000000         0xffffffff

Linker script and memory map

LOAD c:/siliconlabs/simplicitystudio/v5/developer/toolchains/gnu_arm/10.3_2021.10/bin/../lib/gcc/arm-none-eabi/10.3.1/thumb/v8-m.main+fp/hard/crti.o
LOAD c:/siliconlabs/simplicitystudio/v5/developer/toolchains/gnu_arm/10.3_2021.10/bin/../lib/gcc/arm-none-eabi/10.3.1/thumb/v8-m.main+fp/hard/crtbegin.o
LOAD c:/siliconlabs/simplicitystudio/v5/developer/toolchains/gnu_arm/10.3_2021.10/bin/../lib/gcc/arm-none-eabi/10.3.1/../../../../arm-none-eabi/lib/thumb/v8-m.main+fp/hard/crt0.o
START GROUP
LOAD ./ADC_lib.o
LOAD ./app.o
LOAD ./bh1750.o
LOAD ./i2c_scan.o
LOAD ./lora_uart.o
LOAD ./main.o
LOAD ./pms7003.o
LOAD ./autogen/sl_board_default_init.o
LOAD ./autogen/sl_device_init_clocks.o
LOAD ./autogen/sl_event_handler.o
LOAD ./autogen/sl_i2cspm_init.o
LOAD ./autogen/sl_iostream_handles.o
LOAD ./autogen/sl_iostream_init_eusart_instances.o
LOAD ./autogen/sl_iostream_init_usart_instances.o
LOAD ./gecko_sdk_4.2.3/app/common/util/app_log/app_log.o
LOAD ./gecko_sdk_4.2.3/hardware/board/src/sl_board_control_gpio.o
LOAD ./gecko_sdk_4.2.3/hardware/board/src/sl_board_init.o
LOAD ./gecko_sdk_4.2.3/hardware/driver/bmp280/bosch/BMP280_driver/bmp280.o
LOAD ./gecko_sdk_4.2.3/hardware/driver/bmp280/src/sl_bmp280.o
LOAD ./gecko_sdk_4.2.3/platform/Device/SiliconLabs/EFR32MG24/Source/startup_efr32mg24.o
LOAD ./gecko_sdk_4.2.3/platform/Device/SiliconLabs/EFR32MG24/Source/system_efr32mg24.o
LOAD ./gecko_sdk_4.2.3/platform/common/src/sl_assert.o
LOAD ./gecko_sdk_4.2.3/platform/common/src/sl_slist.o
LOAD ./gecko_sdk_4.2.3/platform/common/src/sl_string.o
LOAD ./gecko_sdk_4.2.3/platform/common/toolchain/src/sl_memory.o
LOAD ./gecko_sdk_4.2.3/platform/driver/i2cspm/src/sl_i2cspm.o
LOAD ./gecko_sdk_4.2.3/platform/emdrv/dmadrv/src/dmadrv.o
LOAD ./gecko_sdk_4.2.3/platform/emlib/src/em_burtc.o
LOAD ./gecko_sdk_4.2.3/platform/emlib/src/em_cmu.o
LOAD ./gecko_sdk_4.2.3/platform/emlib/src/em_core.o
LOAD ./gecko_sdk_4.2.3/platform/emlib/src/em_emu.o
LOAD ./gecko_sdk_4.2.3/platform/emlib/src/em_eusart.o
LOAD ./gecko_sdk_4.2.3/platform/emlib/src/em_gpio.o
LOAD ./gecko_sdk_4.2.3/platform/emlib/src/em_i2c.o
LOAD ./gecko_sdk_4.2.3/platform/emlib/src/em_iadc.o
LOAD ./gecko_sdk_4.2.3/platform/emlib/src/em_ldma.o
LOAD ./gecko_sdk_4.2.3/platform/emlib/src/em_msc.o
LOAD ./gecko_sdk_4.2.3/platform/emlib/src/em_system.o
LOAD ./gecko_sdk_4.2.3/platform/emlib/src/em_timer.o
LOAD ./gecko_sdk_4.2.3/platform/emlib/src/em_usart.o
LOAD ./gecko_sdk_4.2.3/platform/peripheral/src/peripheral_sysrtc.o
LOAD ./gecko_sdk_4.2.3/platform/service/device_init/src/sl_device_init_dcdc_s2.o
LOAD ./gecko_sdk_4.2.3/platform/service/device_init/src/sl_device_init_emu_s2.o
LOAD ./gecko_sdk_4.2.3/platform/service/device_init/src/sl_device_init_hfxo_s2.o
LOAD ./gecko_sdk_4.2.3/platform/service/device_init/src/sl_device_init_lfxo_s2.o
LOAD ./gecko_sdk_4.2.3/platform/service/device_init/src/sl_device_init_nvic.o
LOAD ./gecko_sdk_4.2.3/platform/service/iostream/src/sl_iostream.o
LOAD ./gecko_sdk_4.2.3/platform/service/iostream/src/sl_iostream_eusart.o
LOAD ./gecko_sdk_4.2.3/platform/service/iostream/src/sl_iostream_retarget_stdio.o
LOAD ./gecko_sdk_4.2.3/platform/service/iostream/src/sl_iostream_stdlib_config.o
LOAD ./gecko_sdk_4.2.3/platform/service/iostream/src/sl_iostream_uart.o
LOAD ./gecko_sdk_4.2.3/platform/service/iostream/src/sl_iostream_usart.o
LOAD ./gecko_sdk_4.2.3/platform/service/sleeptimer/src/sl_sleeptimer.o
LOAD ./gecko_sdk_4.2.3/platform/service/sleeptimer/src/sl_sleeptimer_hal_burtc.o
LOAD ./gecko_sdk_4.2.3/platform/service/sleeptimer/src/sl_sleeptimer_hal_sysrtc.o
LOAD ./gecko_sdk_4.2.3/platform/service/sleeptimer/src/sl_sleeptimer_hal_timer.o
LOAD ./gecko_sdk_4.2.3/platform/service/system/src/sl_system_init.o
LOAD ./gecko_sdk_4.2.3/platform/service/system/src/sl_system_process_action.o
LOAD ./gecko_sdk_4.2.3/platform/service/udelay/src/sl_udelay.o
LOAD ./gecko_sdk_4.2.3/platform/service/udelay/src/sl_udelay_armv6m_gcc.o
LOAD c:/siliconlabs/simplicitystudio/v5/developer/toolchains/gnu_arm/10.3_2021.10/bin/../lib/gcc/arm-none-eabi/10.3.1/thumb/v8-m.main+fp/hard\libgcc.a
LOAD c:/siliconlabs/simplicitystudio/v5/developer/toolchains/gnu_arm/10.3_2021.10/bin/../lib/gcc/arm-none-eabi/10.3.1/../../../../arm-none-eabi/lib/thumb/v8-m.main+fp/hard\libc_nano.a
LOAD c:/siliconlabs/simplicitystudio/v5/developer/toolchains/gnu_arm/10.3_2021.10/bin/../lib/gcc/arm-none-eabi/10.3.1/../../../../arm-none-eabi/lib/thumb/v8-m.main+fp/hard\libm.a
LOAD c:/siliconlabs/simplicitystudio/v5/developer/toolchains/gnu_arm/10.3_2021.10/bin/../lib/gcc/arm-none-eabi/10.3.1/../../../../arm-none-eabi/lib/thumb/v8-m.main+fp/hard\libnosys.a
END GROUP
START GROUP
LOAD c:/siliconlabs/simplicitystudio/v5/developer/toolchains/gnu_arm/10.3_2021.10/bin/../lib/gcc/arm-none-eabi/10.3.1/thumb/v8-m.main+fp/hard\libgcc.a
LOAD c:/siliconlabs/simplicitystudio/v5/developer/toolchains/gnu_arm/10.3_2021.10/bin/../lib/gcc/arm-none-eabi/10.3.1/../../../../arm-none-eabi/lib/thumb/v8-m.main+fp/hard\libc_nano.a
LOAD c:/siliconlabs/simplicitystudio/v5/developer/toolchains/gnu_arm/10.3_2021.10/bin/../lib/gcc/arm-none-eabi/10.3.1/../../../../arm-none-eabi/lib/thumb/v8-m.main+fp/hard\libnosys.a
END GROUP
START GROUP
LOAD c:/siliconlabs/simplicitystudio/v5/developer/toolchains/gnu_arm/10.3_2021.10/bin/../lib/gcc/arm-none-eabi/10.3.1/thumb/v8-m.main+fp/hard\libgcc.a
LOAD c:/siliconlabs/simplicitystudio/v5/developer/toolchains/gnu_arm/10.3_2021.10/bin/../lib/gcc/arm-none-eabi/10.3.1/../../../../arm-none-eabi/lib/thumb/v8-m.main+fp/hard\libg_nano.a
LOAD c:/siliconlabs/simplicitystudio/v5/developer/toolchains/gnu_arm/10.3_2021.10/bin/../lib/gcc/arm-none-eabi/10.3.1/../../../../arm-none-eabi/lib/thumb/v8-m.main+fp/hard\libc_nano.a
END GROUP
START GROUP
LOAD c:/siliconlabs/simplicitystudio/v5/developer/toolchains/gnu_arm/10.3_2021.10/bin/../lib/gcc/arm-none-eabi/10.3.1/thumb/v8-m.main+fp/hard\libgcc.a
LOAD c:/siliconlabs/simplicitystudio/v5/developer/toolchains/gnu_arm/10.3_2021.10/bin/../lib/gcc/arm-none-eabi/10.3.1/../../../../arm-none-eabi/lib/thumb/v8-m.main+fp/hard\libc_nano.a
END GROUP
LOAD c:/siliconlabs/simplicitystudio/v5/developer/toolchains/gnu_arm/10.3_2021.10/bin/../lib/gcc/arm-none-eabi/10.3.1/thumb/v8-m.main+fp/hard/crtend.o
LOAD c:/siliconlabs/simplicitystudio/v5/developer/toolchains/gnu_arm/10.3_2021.10/bin/../lib/gcc/arm-none-eabi/10.3.1/thumb/v8-m.main+fp/hard/crtn.o

.text           0x08000000     0xaefc
                0x08000000                linker_vectors_begin = .
 *(.vectors)
 .vectors       0x08000000      0x170 ./gecko_sdk_4.2.3/platform/Device/SiliconLabs/EFR32MG24/Source/startup_efr32mg24.o
                0x08000000                __Vectors
                0x08000170                linker_vectors_end = .
                0x08000170                __Vectors_End = .
                0x08000170                __Vectors_Size = (__Vectors_End - __Vectors)
                0x08000170                linker_code_begin = .
 *(SORT_BY_ALIGNMENT(.text*))
 .text          0x08000170        0x8 ./gecko_sdk_4.2.3/platform/service/udelay/src/sl_udelay_armv6m_gcc.o
                0x08000170                sli_delay_loop
 .text.IADC_IRQHandler
                0x08000178       0x80 ./ADC_lib.o
                0x08000178                IADC_IRQHandler
 .text.ADC_read
                0x080001f8       0x78 ./ADC_lib.o
                0x080001f8                ADC_read
 .text.ADC_read_bat
                0x08000270       0x4c ./ADC_lib.o
                0x08000270                ADC_read_bat
 *fill*         0x080002bc        0x4 
 .text._dtoa_r  0x080002c0      0xbd8 c:/siliconlabs/simplicitystudio/v5/developer/toolchains/gnu_arm/10.3_2021.10/bin/../lib/gcc/arm-none-eabi/10.3.1/../../../../arm-none-eabi/lib/thumb/v8-m.main+fp/hard\libc_nano.a(lib_a-dtoa.o)
                0x080002c0                _dtoa_r
 .text          0x08000e98       0x40 c:/siliconlabs/simplicitystudio/v5/developer/toolchains/gnu_arm/10.3_2021.10/bin/../lib/gcc/arm-none-eabi/10.3.1/thumb/v8-m.main+fp/hard/crtbegin.o
 .text          0x08000ed8       0x7c c:/siliconlabs/simplicitystudio/v5/developer/toolchains/gnu_arm/10.3_2021.10/bin/../lib/gcc/arm-none-eabi/10.3.1/../../../../arm-none-eabi/lib/thumb/v8-m.main+fp/hard/crt0.o
                0x08000ed8                _stack_init
                0x08000ee0                _start
                0x08000ee0                _mainCRTStartup
 .text.initIADC
                0x08000f54      0x178 ./ADC_lib.o
                0x08000f54                initIADC
 .text.ADC_init
                0x080010cc       0x18 ./ADC_lib.o
                0x080010cc                ADC_init
 .text.on_timeout
                0x080010e4        0xc ./app.o
 .text.app_init
                0x080010f0       0x74 ./app.o
                0x080010f0                app_init
 .text.app_process_action
                0x08001164       0x88 ./app.o
                0x08001164                app_process_action
 .text.i2c_bus_write_nolock.constprop.0
                0x080011ec       0x30 ./bh1750.o
 .text.bh1750_init
                0x0800121c       0x18 ./bh1750.o
                0x0800121c                bh1750_init
 .text.bh1750_measure_illuminance
                0x08001234       0x4c ./bh1750.o
                0x08001234                bh1750_measure_illuminance
 .text.i2c_scan_init
                0x08001280       0x2c ./i2c_scan.o
                0x08001280                i2c_scan_init
 .text.i2c_scan_process
                0x080012ac       0x7c ./i2c_scan.o
                0x080012ac                i2c_scan_process
 .text.lora_send
                0x08001328       0xb4 ./lora_uart.o
                0x08001328                lora_send
 .text.receive  0x080013dc       0x58 ./pms7003.o
                0x080013dc                receive
 .text.read_pms
                0x08001434       0x84 ./pms7003.o
                0x08001434                read_pms
 .text.pms7003_init
                0x080014b8       0x38 ./pms7003.o
                0x080014b8                pms7003_init
 .text.pms7003_process
                0x080014f0       0x2c ./pms7003.o
                0x080014f0                pms7003_process
 .text.sl_device_init_clocks
                0x0800151c       0xac ./autogen/sl_device_init_clocks.o
                0x0800151c                sl_device_init_clocks
 .text.sl_i2cspm_init_instances
                0x080015c8       0x24 ./autogen/sl_i2cspm_init.o
                0x080015c8                sl_i2cspm_init_instances
 .text.sl_iostream_eusart_init_mikroe
                0x080015ec       0xbc ./autogen/sl_iostream_init_eusart_instances.o
                0x080015ec                sl_iostream_eusart_init_mikroe
 .text.EUSART1_RX_IRQHandler
                0x080016a8        0xc ./autogen/sl_iostream_init_eusart_instances.o
                0x080016a8                EUSART1_RX_IRQHandler
 .text.sl_iostream_usart_init_vcom
                0x080016b4       0x9c ./autogen/sl_iostream_init_usart_instances.o
                0x080016b4                sl_iostream_usart_init_vcom
 .text.sl_iostream_usart_init_instances
                0x08001750       0x1c ./autogen/sl_iostream_init_usart_instances.o
                0x08001750                sl_iostream_usart_init_instances
 .text.USART0_RX_IRQHandler
                0x0800176c        0xc ./autogen/sl_iostream_init_usart_instances.o
                0x0800176c                USART0_RX_IRQHandler
 .text.app_log_init
                0x08001778       0x38 ./gecko_sdk_4.2.3/app/common/util/app_log/app_log.o
                0x08001778                app_log_init
 .text.bmp280_read_uncomp_temperature
                0x080017b0       0x50 ./gecko_sdk_4.2.3/hardware/driver/bmp280/bosch/BMP280_driver/bmp280.o
                0x080017b0                bmp280_read_uncomp_temperature
 .text.bmp280_compensate_temperature_int32
                0x08001800       0x3c ./gecko_sdk_4.2.3/hardware/driver/bmp280/bosch/BMP280_driver/bmp280.o
                0x08001800                bmp280_compensate_temperature_int32
 .text.bmp280_read_uncomp_pressure
                0x0800183c       0x50 ./gecko_sdk_4.2.3/hardware/driver/bmp280/bosch/BMP280_driver/bmp280.o
                0x0800183c                bmp280_read_uncomp_pressure
 .text.bmp280_read_uncomp_pressure_temperature
                0x0800188c       0x6c ./gecko_sdk_4.2.3/hardware/driver/bmp280/bosch/BMP280_driver/bmp280.o
                0x0800188c                bmp280_read_uncomp_pressure_temperature
 .text.bmp280_read_uncomp_humidity
                0x080018f8       0x38 ./gecko_sdk_4.2.3/hardware/driver/bmp280/bosch/BMP280_driver/bmp280.o
                0x080018f8                bmp280_read_uncomp_humidity
 .text.bmp280_compensate_humidity_int32
                0x08001930       0x74 ./gecko_sdk_4.2.3/hardware/driver/bmp280/bosch/BMP280_driver/bmp280.o
                0x08001930                bmp280_compensate_humidity_int32
 .text.bmp280_get_calib_param
                0x080019a4       0x98 ./gecko_sdk_4.2.3/hardware/driver/bmp280/bosch/BMP280_driver/bmp280.o
                0x080019a4                bmp280_get_calib_param
 .text.bmp280_get_calib_hum
                0x08001a3c       0x74 ./gecko_sdk_4.2.3/hardware/driver/bmp280/bosch/BMP280_driver/bmp280.o
                0x08001a3c                bmp280_get_calib_hum
 .text.bmp280_init
                0x08001ab0       0x68 ./gecko_sdk_4.2.3/hardware/driver/bmp280/bosch/BMP280_driver/bmp280.o
                0x08001ab0                bmp280_init
 .text.bmp280_set_power_mode
                0x08001b18       0x44 ./gecko_sdk_4.2.3/hardware/driver/bmp280/bosch/BMP280_driver/bmp280.o
                0x08001b18                bmp280_set_power_mode
 .text.bmp280_set_work_mode
                0x08001b5c       0xec ./gecko_sdk_4.2.3/hardware/driver/bmp280/bosch/BMP280_driver/bmp280.o
                0x08001b5c                bmp280_set_work_mode
 .text.bmp280_compensate_pressure_int64
                0x08001c48      0x15c ./gecko_sdk_4.2.3/hardware/driver/bmp280/bosch/BMP280_driver/bmp280.o
                0x08001c48                bmp280_compensate_pressure_int64
 .text.bmp280_compute_wait_time
                0x08001da4       0x44 ./gecko_sdk_4.2.3/hardware/driver/bmp280/bosch/BMP280_driver/bmp280.o
                0x08001da4                bmp280_compute_wait_time
 .text.bmp280_get_forced_uncomp_pressure_temperature
                0x08001de8       0x6c ./gecko_sdk_4.2.3/hardware/driver/bmp280/bosch/BMP280_driver/bmp280.o
                0x08001de8                bmp280_get_forced_uncomp_pressure_temperature
 .text.i2c_bus_read
                0x08001e54       0x44 ./gecko_sdk_4.2.3/hardware/driver/bmp280/src/sl_bmp280.o
 .text.i2c_bus_write
                0x08001e98       0x44 ./gecko_sdk_4.2.3/hardware/driver/bmp280/src/sl_bmp280.o
 .text.sl_bmp280_init
                0x08001edc       0x9c ./gecko_sdk_4.2.3/hardware/driver/bmp280/src/sl_bmp280.o
                0x08001edc                sl_bmp280_init
 .text.sl_bmp280_measure_temperature
                0x08001f78       0x54 ./gecko_sdk_4.2.3/hardware/driver/bmp280/src/sl_bmp280.o
                0x08001f78                sl_bmp280_measure_temperature
 .text.sl_bmp280_measure_pressure
                0x08001fcc       0x64 ./gecko_sdk_4.2.3/hardware/driver/bmp280/src/sl_bmp280.o
                0x08001fcc                sl_bmp280_measure_pressure
 .text.sl_bmp280_measure_humidity
                0x08002030       0x34 ./gecko_sdk_4.2.3/hardware/driver/bmp280/src/sl_bmp280.o
                0x08002030                sl_bmp280_measure_humidity
 .text.Reset_Handler
                0x08002064       0x60 ./gecko_sdk_4.2.3/platform/Device/SiliconLabs/EFR32MG24/Source/startup_efr32mg24.o
                0x08002064                Reset_Handler
 .text.SystemInit
                0x080020c4       0x68 ./gecko_sdk_4.2.3/platform/Device/SiliconLabs/EFR32MG24/Source/system_efr32mg24.o
                0x080020c4                SystemInit
 .text.SystemHFRCODPLLClockGet
                0x0800212c        0xc ./gecko_sdk_4.2.3/platform/Device/SiliconLabs/EFR32MG24/Source/system_efr32mg24.o
                0x0800212c                SystemHFRCODPLLClockGet
 .text.SystemSYSCLKGet
                0x08002138       0x34 ./gecko_sdk_4.2.3/platform/Device/SiliconLabs/EFR32MG24/Source/system_efr32mg24.o
                0x08002138                SystemSYSCLKGet
 .text.SystemHCLKGet
                0x0800216c       0x24 ./gecko_sdk_4.2.3/platform/Device/SiliconLabs/EFR32MG24/Source/system_efr32mg24.o
                0x0800216c                SystemHCLKGet
 .text.SystemMaxCoreClockGet
                0x08002190        0x8 ./gecko_sdk_4.2.3/platform/Device/SiliconLabs/EFR32MG24/Source/system_efr32mg24.o
                0x08002190                SystemMaxCoreClockGet
 .text.SystemHFXOClockGet
                0x08002198        0xc ./gecko_sdk_4.2.3/platform/Device/SiliconLabs/EFR32MG24/Source/system_efr32mg24.o
                0x08002198                SystemHFXOClockGet
 .text.SystemHFXOClockSet
                0x080021a4       0x20 ./gecko_sdk_4.2.3/platform/Device/SiliconLabs/EFR32MG24/Source/system_efr32mg24.o
                0x080021a4                SystemHFXOClockSet
 .text.SystemFSRCOClockGet
                0x080021c4        0x8 ./gecko_sdk_4.2.3/platform/Device/SiliconLabs/EFR32MG24/Source/system_efr32mg24.o
                0x080021c4                SystemFSRCOClockGet
 .text.SystemHFRCOEM23ClockGet
                0x080021cc       0x84 ./gecko_sdk_4.2.3/platform/Device/SiliconLabs/EFR32MG24/Source/system_efr32mg24.o
                0x080021cc                SystemHFRCOEM23ClockGet
 .text.SystemLFXOClockGet
                0x08002250        0xc ./gecko_sdk_4.2.3/platform/Device/SiliconLabs/EFR32MG24/Source/system_efr32mg24.o
                0x08002250                SystemLFXOClockGet
 .text._sbrk    0x0800225c       0x20 ./gecko_sdk_4.2.3/platform/common/toolchain/src/sl_memory.o
                0x0800225c                _sbrk
 .text.I2CSPM_Init
                0x0800227c      0x16c ./gecko_sdk_4.2.3/platform/driver/i2cspm/src/sl_i2cspm.o
                0x0800227c                I2CSPM_Init
 .text.I2CSPM_Transfer
                0x080023e8       0x20 ./gecko_sdk_4.2.3/platform/driver/i2cspm/src/sl_i2cspm.o
                0x080023e8                I2CSPM_Transfer
 .text.StartTransfer
                0x08002408      0x17c ./gecko_sdk_4.2.3/platform/emdrv/dmadrv/src/dmadrv.o
 .text.DMADRV_AllocateChannel
                0x08002584       0x60 ./gecko_sdk_4.2.3/platform/emdrv/dmadrv/src/dmadrv.o
                0x08002584                DMADRV_AllocateChannel
 .text.DMADRV_DeInit
                0x080025e4       0x44 ./gecko_sdk_4.2.3/platform/emdrv/dmadrv/src/dmadrv.o
                0x080025e4                DMADRV_DeInit
 .text.DMADRV_FreeChannel
                0x08002628       0x4c ./gecko_sdk_4.2.3/platform/emdrv/dmadrv/src/dmadrv.o
                0x08002628                DMADRV_FreeChannel
 .text.DMADRV_Init
                0x08002674       0x68 ./gecko_sdk_4.2.3/platform/emdrv/dmadrv/src/dmadrv.o
                0x08002674                DMADRV_Init
 .text.DMADRV_PauseTransfer
                0x080026dc       0x40 ./gecko_sdk_4.2.3/platform/emdrv/dmadrv/src/dmadrv.o
                0x080026dc                DMADRV_PauseTransfer
 .text.DMADRV_ResumeTransfer
                0x0800271c       0x40 ./gecko_sdk_4.2.3/platform/emdrv/dmadrv/src/dmadrv.o
                0x0800271c                DMADRV_ResumeTransfer
 .text.DMADRV_StopTransfer
                0x0800275c       0x40 ./gecko_sdk_4.2.3/platform/emdrv/dmadrv/src/dmadrv.o
                0x0800275c                DMADRV_StopTransfer
 .text.DMADRV_TransferCompletePending
                0x0800279c       0x50 ./gecko_sdk_4.2.3/platform/emdrv/dmadrv/src/dmadrv.o
                0x0800279c                DMADRV_TransferCompletePending
 .text.DMADRV_TransferDone
                0x080027ec       0x44 ./gecko_sdk_4.2.3/platform/emdrv/dmadrv/src/dmadrv.o
                0x080027ec                DMADRV_TransferDone
 .text.LDMA_IRQHandler
                0x08002830       0x74 ./gecko_sdk_4.2.3/platform/emdrv/dmadrv/src/dmadrv.o
                0x08002830                LDMA_IRQHandler
 .text.EMU_VScaleGet
                0x080028a4       0x18 ./gecko_sdk_4.2.3/platform/emlib/src/em_cmu.o
 .text.traceClkGet
                0x080028bc       0x54 ./gecko_sdk_4.2.3/platform/emlib/src/em_cmu.o
 .text.em01GrpaClkGet
                0x08002910       0x70 ./gecko_sdk_4.2.3/platform/emlib/src/em_cmu.o
 .text.em01GrpcClkGet
                0x08002980       0x70 ./gecko_sdk_4.2.3/platform/emlib/src/em_cmu.o
 .text.iadcClkGet
                0x080029f0       0x60 ./gecko_sdk_4.2.3/platform/emlib/src/em_cmu.o
 .text.eusart0ClkGet
                0x08002a50       0x70 ./gecko_sdk_4.2.3/platform/emlib/src/em_cmu.o
 .text.em23GrpaClkGet
                0x08002ac0       0x54 ./gecko_sdk_4.2.3/platform/emlib/src/em_cmu.o
 .text.vdac0ClkGet
                0x08002b14       0x70 ./gecko_sdk_4.2.3/platform/emlib/src/em_cmu.o
 .text.vdac1ClkGet
                0x08002b84       0x70 ./gecko_sdk_4.2.3/platform/emlib/src/em_cmu.o
 .text.pcnt0ClkGet
                0x08002bf4       0x4c ./gecko_sdk_4.2.3/platform/emlib/src/em_cmu.o
 .text.wdog0ClkGet
                0x08002c40       0x60 ./gecko_sdk_4.2.3/platform/emlib/src/em_cmu.o
 .text.wdog1ClkGet
                0x08002ca0       0x60 ./gecko_sdk_4.2.3/platform/emlib/src/em_cmu.o
 .text.sysrtcClkGet
                0x08002d00       0x54 ./gecko_sdk_4.2.3/platform/emlib/src/em_cmu.o
 .text.em4GrpaClkGet
                0x08002d54       0x54 ./gecko_sdk_4.2.3/platform/emlib/src/em_cmu.o
 .text.CMU_ClockDivGet
                0x08002da8       0x78 ./gecko_sdk_4.2.3/platform/emlib/src/em_cmu.o
                0x08002da8                CMU_ClockDivGet
 .text.flashWaitStateControl
                0x08002e20       0x58 ./gecko_sdk_4.2.3/platform/emlib/src/em_cmu.o
 .text.CMU_ClockEnable
                0x08002e78       0x58 ./gecko_sdk_4.2.3/platform/emlib/src/em_cmu.o
                0x08002e78                CMU_ClockEnable
 .text.CMU_ClockFreqGet
                0x08002ed0      0x200 ./gecko_sdk_4.2.3/platform/emlib/src/em_cmu.o
                0x08002ed0                CMU_ClockFreqGet
 .text.rhclkPrescOptimize
                0x080030d0       0x20 ./gecko_sdk_4.2.3/platform/emlib/src/em_cmu.o
 .text.CMU_ClockSelectGet
                0x080030f0      0x22c ./gecko_sdk_4.2.3/platform/emlib/src/em_cmu.o
                0x080030f0                CMU_ClockSelectGet
 .text.sli_em_cmu_HFXOSetForceEnable
                0x0800331c       0x1c ./gecko_sdk_4.2.3/platform/emlib/src/em_cmu.o
                0x0800331c                sli_em_cmu_HFXOSetForceEnable
 .text.CMU_HFXOInit
                0x08003338      0x21c ./gecko_sdk_4.2.3/platform/emlib/src/em_cmu.o
                0x08003338                CMU_HFXOInit
 .text.CMU_HFXOCTuneDeltaGet
                0x08003554        0xc ./gecko_sdk_4.2.3/platform/emlib/src/em_cmu.o
                0x08003554                CMU_HFXOCTuneDeltaGet
 .text.CMU_LFXOInit
                0x08003560       0xc4 ./gecko_sdk_4.2.3/platform/emlib/src/em_cmu.o
                0x08003560                CMU_LFXOInit
 .text.CMU_LFXOPrecisionSet
                0x08003624        0xc ./gecko_sdk_4.2.3/platform/emlib/src/em_cmu.o
                0x08003624                CMU_LFXOPrecisionSet
 .text.CMU_ClockDivSet
                0x08003630      0x12c ./gecko_sdk_4.2.3/platform/emlib/src/em_cmu.o
                0x08003630                CMU_ClockDivSet
 .text.sli_em_cmu_SYSCLKInitPreClockSelect
                0x0800375c       0x20 ./gecko_sdk_4.2.3/platform/emlib/src/em_cmu.o
                0x0800375c                sli_em_cmu_SYSCLKInitPreClockSelect
 .text.pclkDivOptimize
                0x0800377c       0x24 ./gecko_sdk_4.2.3/platform/emlib/src/em_cmu.o
 .text.CMU_ClockSelectSet
                0x080037a0      0x5c0 ./gecko_sdk_4.2.3/platform/emlib/src/em_cmu.o
                0x080037a0                CMU_ClockSelectSet
 .text.EMU_DCDCSync
                0x08003d60       0x10 ./gecko_sdk_4.2.3/platform/emlib/src/em_emu.o
 .text.EMU_EM4Init
                0x08003d70       0x14 ./gecko_sdk_4.2.3/platform/emlib/src/em_emu.o
                0x08003d70                EMU_EM4Init
 .text.EMU_VScaleEM01
                0x08003d84       0xb0 ./gecko_sdk_4.2.3/platform/emlib/src/em_emu.o
                0x08003d84                EMU_VScaleEM01
 .text.EMU_VScaleEM01ByClock
                0x08003e34       0x30 ./gecko_sdk_4.2.3/platform/emlib/src/em_emu.o
                0x08003e34                EMU_VScaleEM01ByClock
 .text.EMU_DCDCModeSet
                0x08003e64       0x6c ./gecko_sdk_4.2.3/platform/emlib/src/em_emu.o
                0x08003e64                EMU_DCDCModeSet
 .text.EMU_DCDCInit
                0x08003ed0       0x70 ./gecko_sdk_4.2.3/platform/emlib/src/em_emu.o
                0x08003ed0                EMU_DCDCInit
 .text.EMU_DCDCSetPFMXModePeakCurrent
                0x08003f40       0x70 ./gecko_sdk_4.2.3/platform/emlib/src/em_emu.o
                0x08003f40                EMU_DCDCSetPFMXModePeakCurrent
 .text.EUSART_Reset
                0x08003fb0       0x54 ./gecko_sdk_4.2.3/platform/emlib/src/em_eusart.o
                0x08003fb0                EUSART_Reset
 .text.EUSART_Enable
                0x08004004       0x6c ./gecko_sdk_4.2.3/platform/emlib/src/em_eusart.o
                0x08004004                EUSART_Enable
 .text.EUSART_BaudrateSet
                0x08004070      0x1d8 ./gecko_sdk_4.2.3/platform/emlib/src/em_eusart.o
                0x08004070                EUSART_BaudrateSet
 .text.EUSART_AsyncInitCommon
                0x08004248      0x260 ./gecko_sdk_4.2.3/platform/emlib/src/em_eusart.o
 .text.EUSART_UartInitHf
                0x080044a8       0x5c ./gecko_sdk_4.2.3/platform/emlib/src/em_eusart.o
                0x080044a8                EUSART_UartInitHf
 .text.EUSART_UartInitLf
                0x08004504       0xbc ./gecko_sdk_4.2.3/platform/emlib/src/em_eusart.o
                0x08004504                EUSART_UartInitLf
 .text.GPIO_PinOutSet
                0x080045c0       0x44 ./gecko_sdk_4.2.3/platform/emlib/src/em_gpio.o
 .text.GPIO_PinOutClear
                0x08004604       0x44 ./gecko_sdk_4.2.3/platform/emlib/src/em_gpio.o
 .text.GPIO_PinModeSet
                0x08004648       0x9c ./gecko_sdk_4.2.3/platform/emlib/src/em_gpio.o
                0x08004648                GPIO_PinModeSet
 .text.I2C_BusFreqSet
                0x080046e4       0xe4 ./gecko_sdk_4.2.3/platform/emlib/src/em_i2c.o
                0x080046e4                I2C_BusFreqSet
 .text.I2C_Enable
                0x080047c8       0x38 ./gecko_sdk_4.2.3/platform/emlib/src/em_i2c.o
                0x080047c8                I2C_Enable
 .text.I2C_Init
                0x08004800       0x64 ./gecko_sdk_4.2.3/platform/emlib/src/em_i2c.o
                0x08004800                I2C_Init
 .text.I2C_Transfer
                0x08004864      0x224 ./gecko_sdk_4.2.3/platform/emlib/src/em_i2c.o
                0x08004864                I2C_Transfer
 .text.I2C_TransferInit
                0x08004a88       0xb8 ./gecko_sdk_4.2.3/platform/emlib/src/em_i2c.o
                0x08004a88                I2C_TransferInit
 .text.IADC_disable
                0x08004b40       0x1c ./gecko_sdk_4.2.3/platform/emlib/src/em_iadc.o
 .text.IADC_initScan
                0x08004b5c       0xe0 ./gecko_sdk_4.2.3/platform/emlib/src/em_iadc.o
                0x08004b5c                IADC_initScan
 .text.IADC_calcTimebase
                0x08004c3c       0x64 ./gecko_sdk_4.2.3/platform/emlib/src/em_iadc.o
                0x08004c3c                IADC_calcTimebase
 .text.IADC_calcSrcClkPrescale
                0x08004ca0       0x5c ./gecko_sdk_4.2.3/platform/emlib/src/em_iadc.o
                0x08004ca0                IADC_calcSrcClkPrescale
 .text.IADC_calcAdcClkPrescale
                0x08004cfc       0x74 ./gecko_sdk_4.2.3/platform/emlib/src/em_iadc.o
                0x08004cfc                IADC_calcAdcClkPrescale
 .text.IADC_getReferenceVoltage
                0x08004d70       0x30 ./gecko_sdk_4.2.3/platform/emlib/src/em_iadc.o
                0x08004d70                IADC_getReferenceVoltage
 .text.IADC_init
                0x08004da0      0x540 ./gecko_sdk_4.2.3/platform/emlib/src/em_iadc.o
                0x08004da0                IADC_init
 .text.LDMA_DeInit
                0x080052e0       0x3c ./gecko_sdk_4.2.3/platform/emlib/src/em_ldma.o
                0x080052e0                LDMA_DeInit
 .text.LDMA_EnableChannelRequest
                0x0800531c       0x44 ./gecko_sdk_4.2.3/platform/emlib/src/em_ldma.o
                0x0800531c                LDMA_EnableChannelRequest
 .text.LDMA_Init
                0x08005360       0x94 ./gecko_sdk_4.2.3/platform/emlib/src/em_ldma.o
                0x08005360                LDMA_Init
 .text.LDMA_StartTransfer
                0x080053f4      0x104 ./gecko_sdk_4.2.3/platform/emlib/src/em_ldma.o
                0x080053f4                LDMA_StartTransfer
 .text.LDMA_StopTransfer
                0x080054f8       0x38 ./gecko_sdk_4.2.3/platform/emlib/src/em_ldma.o
                0x080054f8                LDMA_StopTransfer
 .text.LDMA_TransferDone
                0x08005530       0x44 ./gecko_sdk_4.2.3/platform/emlib/src/em_ldma.o
                0x08005530                LDMA_TransferDone
 .text.SYSTEM_ChipRevisionGet
                0x08005574       0x24 ./gecko_sdk_4.2.3/platform/emlib/src/em_system.o
                0x08005574                SYSTEM_ChipRevisionGet
 .text.USART_BaudrateAsyncSet
                0x08005598       0xe0 ./gecko_sdk_4.2.3/platform/emlib/src/em_usart.o
                0x08005598                USART_BaudrateAsyncSet
 .text.USART_Enable
                0x08005678       0x3c ./gecko_sdk_4.2.3/platform/emlib/src/em_usart.o
                0x08005678                USART_Enable
 .text.USART_Reset
                0x080056b4       0x58 ./gecko_sdk_4.2.3/platform/emlib/src/em_usart.o
                0x080056b4                USART_Reset
 .text.USART_InitAsync
                0x0800570c       0xd4 ./gecko_sdk_4.2.3/platform/emlib/src/em_usart.o
                0x0800570c                USART_InitAsync
 .text.sl_sysrtc_wait_ready
                0x080057e0       0x1c ./gecko_sdk_4.2.3/platform/peripheral/src/peripheral_sysrtc.o
 .text.sl_sysrtc_enable
                0x080057fc       0x18 ./gecko_sdk_4.2.3/platform/peripheral/src/peripheral_sysrtc.o
                0x080057fc                sl_sysrtc_enable
 .text.sl_sysrtc_disable
                0x08005814       0x28 ./gecko_sdk_4.2.3/platform/peripheral/src/peripheral_sysrtc.o
                0x08005814                sl_sysrtc_disable
 .text.sl_sysrtc_init
                0x0800583c       0x20 ./gecko_sdk_4.2.3/platform/peripheral/src/peripheral_sysrtc.o
                0x0800583c                sl_sysrtc_init
 .text.sl_sysrtc_init_group
                0x0800585c       0x50 ./gecko_sdk_4.2.3/platform/peripheral/src/peripheral_sysrtc.o
                0x0800585c                sl_sysrtc_init_group
 .text.sl_sysrtc_enable_group_interrupts
                0x080058ac       0x1c ./gecko_sdk_4.2.3/platform/peripheral/src/peripheral_sysrtc.o
                0x080058ac                sl_sysrtc_enable_group_interrupts
 .text.sl_sysrtc_disable_group_interrupts
                0x080058c8       0x1c ./gecko_sdk_4.2.3/platform/peripheral/src/peripheral_sysrtc.o
                0x080058c8                sl_sysrtc_disable_group_interrupts
 .text.sl_sysrtc_clear_group_interrupts
                0x080058e4       0x1c ./gecko_sdk_4.2.3/platform/peripheral/src/peripheral_sysrtc.o
                0x080058e4                sl_sysrtc_clear_group_interrupts
 .text.sl_sysrtc_get_group_interrupts
                0x08005900       0x20 ./gecko_sdk_4.2.3/platform/peripheral/src/peripheral_sysrtc.o
                0x08005900                sl_sysrtc_get_group_interrupts
 .text.sl_sysrtc_get_group_compare_channel_value
                0x08005920       0x30 ./gecko_sdk_4.2.3/platform/peripheral/src/peripheral_sysrtc.o
                0x08005920                sl_sysrtc_get_group_compare_channel_value
 .text.sl_sysrtc_set_group_compare_channel_value
                0x08005950       0x2c ./gecko_sdk_4.2.3/platform/peripheral/src/peripheral_sysrtc.o
                0x08005950                sl_sysrtc_set_group_compare_channel_value
 .text.sl_device_init_dcdc
                0x0800597c       0x2c ./gecko_sdk_4.2.3/platform/service/device_init/src/sl_device_init_dcdc_s2.o
                0x0800597c                sl_device_init_dcdc
 .text.sl_device_init_emu
                0x080059a8       0x24 ./gecko_sdk_4.2.3/platform/service/device_init/src/sl_device_init_emu_s2.o
                0x080059a8                sl_device_init_emu
 .text.sl_device_init_hfxo
                0x080059cc       0x6c ./gecko_sdk_4.2.3/platform/service/device_init/src/sl_device_init_hfxo_s2.o
                0x080059cc                sl_device_init_hfxo
 .text.sl_device_init_lfxo
                0x08005a38       0x2c ./gecko_sdk_4.2.3/platform/service/device_init/src/sl_device_init_lfxo_s2.o
                0x08005a38                sl_device_init_lfxo
 .text.sl_device_init_nvic
                0x08005a64       0x3c ./gecko_sdk_4.2.3/platform/service/device_init/src/sl_device_init_nvic.o
                0x08005a64                sl_device_init_nvic
 .text.sl_iostream_set_default
                0x08005aa0       0x18 ./gecko_sdk_4.2.3/platform/service/iostream/src/sl_iostream.o
                0x08005aa0                sl_iostream_set_default
 .text.sl_iostream_get_default
                0x08005ab8       0x18 ./gecko_sdk_4.2.3/platform/service/iostream/src/sl_iostream.o
                0x08005ab8                sl_iostream_get_default
 .text.sl_iostream_eusart_init
                0x08005ad0      0x22c ./gecko_sdk_4.2.3/platform/service/iostream/src/sl_iostream_eusart.o
                0x08005ad0                sl_iostream_eusart_init
 .text._write   0x08005cfc       0x1c ./gecko_sdk_4.2.3/platform/service/iostream/src/sl_iostream_retarget_stdio.o
                0x08005cfc                _write
 .text.sl_iostream_stdlib_disable_buffering
                0x08005d18       0x14 ./gecko_sdk_4.2.3/platform/service/iostream/src/sl_iostream_stdlib_config.o
                0x08005d18                sl_iostream_stdlib_disable_buffering
 .text.get_write_ptr
                0x08005d2c       0x40 ./gecko_sdk_4.2.3/platform/service/iostream/src/sl_iostream_uart.o
 .text.dma_irq_handler
                0x08005d6c       0x74 ./gecko_sdk_4.2.3/platform/service/iostream/src/sl_iostream_uart.o
 .text.uart_read
                0x08005de0      0x1f0 ./gecko_sdk_4.2.3/platform/service/iostream/src/sl_iostream_uart.o
 .text.uart_deinit
                0x08005fd0       0x98 ./gecko_sdk_4.2.3/platform/service/iostream/src/sl_iostream_uart.o
 .text.uart_write
                0x08006068       0xc0 ./gecko_sdk_4.2.3/platform/service/iostream/src/sl_iostream_uart.o
 .text.sli_iostream_uart_context_init
                0x08006128       0xf8 ./gecko_sdk_4.2.3/platform/service/iostream/src/sl_iostream_uart.o
                0x08006128                sli_iostream_uart_context_init
 .text.sl_iostream_usart_init
                0x08006220      0x180 ./gecko_sdk_4.2.3/platform/service/iostream/src/sl_iostream_usart.o
                0x08006220                sl_iostream_usart_init
 .text.delta_list_insert_timer
                0x080063a0       0x44 ./gecko_sdk_4.2.3/platform/service/sleeptimer/src/sl_sleeptimer.o
 .text.update_delta_list
                0x080063e4       0x38 ./gecko_sdk_4.2.3/platform/service/sleeptimer/src/sl_sleeptimer.o
 .text.set_comparator_for_next_timer
                0x0800641c       0x5c ./gecko_sdk_4.2.3/platform/service/sleeptimer/src/sl_sleeptimer.o
 .text.create_timer
                0x08006478       0x70 ./gecko_sdk_4.2.3/platform/service/sleeptimer/src/sl_sleeptimer.o
 .text.delta_list_remove_timer
                0x080064e8       0x38 ./gecko_sdk_4.2.3/platform/service/sleeptimer/src/sl_sleeptimer.o
 .text.sl_sleeptimer_init
                0x08006520       0x74 ./gecko_sdk_4.2.3/platform/service/sleeptimer/src/sl_sleeptimer.o
                0x08006520                sl_sleeptimer_init
 .text.sl_sleeptimer_is_timer_running
                0x08006594       0x38 ./gecko_sdk_4.2.3/platform/service/sleeptimer/src/sl_sleeptimer.o
                0x08006594                sl_sleeptimer_is_timer_running
 .text.sl_sleeptimer_get_tick_count64
                0x080065cc       0x34 ./gecko_sdk_4.2.3/platform/service/sleeptimer/src/sl_sleeptimer.o
                0x080065cc                sl_sleeptimer_get_tick_count64
 .text.sl_sleeptimer_ms_to_tick
                0x08006600       0x24 ./gecko_sdk_4.2.3/platform/service/sleeptimer/src/sl_sleeptimer.o
                0x08006600                sl_sleeptimer_ms_to_tick
 .text.sl_sleeptimer_delay_millisecond
                0x08006624       0x38 ./gecko_sdk_4.2.3/platform/service/sleeptimer/src/sl_sleeptimer.o
                0x08006624                sl_sleeptimer_delay_millisecond
 .text.sl_sleeptimer_ms32_to_tick
                0x0800665c       0x3c ./gecko_sdk_4.2.3/platform/service/sleeptimer/src/sl_sleeptimer.o
                0x0800665c                sl_sleeptimer_ms32_to_tick
 .text.sl_sleeptimer_start_periodic_timer_ms
                0x08006698       0x78 ./gecko_sdk_4.2.3/platform/service/sleeptimer/src/sl_sleeptimer.o
                0x08006698                sl_sleeptimer_start_periodic_timer_ms
 .text.process_timer_irq
                0x08006710      0x158 ./gecko_sdk_4.2.3/platform/service/sleeptimer/src/sl_sleeptimer.o
                0x08006710                process_timer_irq
 .text.sl_sysrtc_wait_sync
                0x08006868       0x14 ./gecko_sdk_4.2.3/platform/service/sleeptimer/src/sl_sleeptimer_hal_sysrtc.o
 .text.sleeptimer_hal_init_timer
                0x0800687c       0x64 ./gecko_sdk_4.2.3/platform/service/sleeptimer/src/sl_sleeptimer_hal_sysrtc.o
                0x0800687c                sleeptimer_hal_init_timer
 .text.sleeptimer_hal_get_counter
                0x080068e0       0x10 ./gecko_sdk_4.2.3/platform/service/sleeptimer/src/sl_sleeptimer_hal_sysrtc.o
                0x080068e0                sleeptimer_hal_get_counter
 .text.sleeptimer_hal_set_compare
                0x080068f0       0x70 ./gecko_sdk_4.2.3/platform/service/sleeptimer/src/sl_sleeptimer_hal_sysrtc.o
                0x080068f0                sleeptimer_hal_set_compare
 .text.sleeptimer_hal_disable_int
                0x08006960       0x2c ./gecko_sdk_4.2.3/platform/service/sleeptimer/src/sl_sleeptimer_hal_sysrtc.o
                0x08006960                sleeptimer_hal_disable_int
 .text.sleeptimer_hal_set_int
                0x0800698c       0x10 ./gecko_sdk_4.2.3/platform/service/sleeptimer/src/sl_sleeptimer_hal_sysrtc.o
                0x0800698c                sleeptimer_hal_set_int
 .text.sl_udelay_wait
                0x0800699c       0x58 ./gecko_sdk_4.2.3/platform/service/udelay/src/sl_udelay.o
                0x0800699c                sl_udelay_wait
 .text          0x080069f4      0x378 c:/siliconlabs/simplicitystudio/v5/developer/toolchains/gnu_arm/10.3_2021.10/bin/../lib/gcc/arm-none-eabi/10.3.1/thumb/v8-m.main+fp/hard\libgcc.a(_arm_addsubdf3.o)
                0x080069f4                __aeabi_drsub
                0x080069fc                __aeabi_dsub
                0x080069fc                __subdf3
                0x08006a00                __aeabi_dadd
                0x08006a00                __adddf3
                0x08006c78                __floatunsidf
                0x08006c78                __aeabi_ui2d
                0x08006c98                __floatsidf
                0x08006c98                __aeabi_i2d
                0x08006cbc                __aeabi_f2d
                0x08006cbc                __extendsfdf2
                0x08006d00                __floatundidf
                0x08006d00                __aeabi_ul2d
                0x08006d10                __floatdidf
                0x08006d10                __aeabi_l2d
 .text          0x08006d6c      0x424 c:/siliconlabs/simplicitystudio/v5/developer/toolchains/gnu_arm/10.3_2021.10/bin/../lib/gcc/arm-none-eabi/10.3.1/thumb/v8-m.main+fp/hard\libgcc.a(_arm_muldivdf3.o)
                0x08006d6c                __aeabi_dmul
                0x08006d6c                __muldf3
                0x08006fc0                __divdf3
                0x08006fc0                __aeabi_ddiv
 .text          0x08007190      0x110 c:/siliconlabs/simplicitystudio/v5/developer/toolchains/gnu_arm/10.3_2021.10/bin/../lib/gcc/arm-none-eabi/10.3.1/thumb/v8-m.main+fp/hard\libgcc.a(_arm_cmpdf2.o)
                0x08007190                __gtdf2
                0x08007190                __gedf2
                0x08007198                __ltdf2
                0x08007198                __ledf2
                0x080071a0                __nedf2
                0x080071a0                __eqdf2
                0x080071a0                __cmpdf2
                0x0800721c                __aeabi_cdrcmple
                0x0800722c                __aeabi_cdcmpeq
                0x0800722c                __aeabi_cdcmple
                0x0800723c                __aeabi_dcmpeq
                0x08007250                __aeabi_dcmplt
                0x08007264                __aeabi_dcmple
                0x08007278                __aeabi_dcmpge
                0x0800728c                __aeabi_dcmpgt
 .text          0x080072a0       0x50 c:/siliconlabs/simplicitystudio/v5/developer/toolchains/gnu_arm/10.3_2021.10/bin/../lib/gcc/arm-none-eabi/10.3.1/thumb/v8-m.main+fp/hard\libgcc.a(_arm_fixdfsi.o)
                0x080072a0                __aeabi_d2iz
                0x080072a0                __fixdfsi
 .text          0x080072f0       0xa0 c:/siliconlabs/simplicitystudio/v5/developer/toolchains/gnu_arm/10.3_2021.10/bin/../lib/gcc/arm-none-eabi/10.3.1/thumb/v8-m.main+fp/hard\libgcc.a(_arm_truncdfsf2.o)
                0x080072f0                __truncdfsf2
                0x080072f0                __aeabi_d2f
 .text          0x08007390       0xa0 c:/siliconlabs/simplicitystudio/v5/developer/toolchains/gnu_arm/10.3_2021.10/bin/../lib/gcc/arm-none-eabi/10.3.1/thumb/v8-m.main+fp/hard\libgcc.a(_aeabi_ldivmod.o)
                0x08007390                __aeabi_ldivmod
 .text          0x08007430       0x30 c:/siliconlabs/simplicitystudio/v5/developer/toolchains/gnu_arm/10.3_2021.10/bin/../lib/gcc/arm-none-eabi/10.3.1/thumb/v8-m.main+fp/hard\libgcc.a(_aeabi_uldivmod.o)
                0x08007430                __aeabi_uldivmod
 .text          0x08007460      0x2ec c:/siliconlabs/simplicitystudio/v5/developer/toolchains/gnu_arm/10.3_2021.10/bin/../lib/gcc/arm-none-eabi/10.3.1/thumb/v8-m.main+fp/hard\libgcc.a(_udivmoddi4.o)
                0x08007460                __udivmoddi4
 .text          0x0800774c        0x4 c:/siliconlabs/simplicitystudio/v5/developer/toolchains/gnu_arm/10.3_2021.10/bin/../lib/gcc/arm-none-eabi/10.3.1/thumb/v8-m.main+fp/hard\libgcc.a(_dvmd_tls.o)
                0x0800774c                __aeabi_idiv0
                0x0800774c                __aeabi_ldiv0
 .text.exit     0x08007750       0x28 c:/siliconlabs/simplicitystudio/v5/developer/toolchains/gnu_arm/10.3_2021.10/bin/../lib/gcc/arm-none-eabi/10.3.1/../../../../arm-none-eabi/lib/thumb/v8-m.main+fp/hard\libc_nano.a(lib_a-exit.o)
                0x08007750                exit
 .text.__libc_init_array
                0x08007778       0x48 c:/siliconlabs/simplicitystudio/v5/developer/toolchains/gnu_arm/10.3_2021.10/bin/../lib/gcc/arm-none-eabi/10.3.1/../../../../arm-none-eabi/lib/thumb/v8-m.main+fp/hard\libc_nano.a(lib_a-init.o)
                0x08007778                __libc_init_array
 .text._printf_float
                0x080077c0      0x46c c:/siliconlabs/simplicitystudio/v5/developer/toolchains/gnu_arm/10.3_2021.10/bin/../lib/gcc/arm-none-eabi/10.3.1/../../../../arm-none-eabi/lib/thumb/v8-m.main+fp/hard\libc_nano.a(lib_a-nano-vfprintf_float.o)
                0x080077c0                _printf_float
 .text._printf_i
                0x08007c2c      0x24c c:/siliconlabs/simplicitystudio/v5/developer/toolchains/gnu_arm/10.3_2021.10/bin/../lib/gcc/arm-none-eabi/10.3.1/../../../../arm-none-eabi/lib/thumb/v8-m.main+fp/hard\libc_nano.a(lib_a-nano-vfprintf_i.o)
                0x08007c2c                _printf_i
 .text.printf   0x08007e78       0x30 c:/siliconlabs/simplicitystudio/v5/developer/toolchains/gnu_arm/10.3_2021.10/bin/../lib/gcc/arm-none-eabi/10.3.1/../../../../arm-none-eabi/lib/thumb/v8-m.main+fp/hard\libc_nano.a(lib_a-printf.o)
                0x08007e78                iprintf
                0x08007e78                printf
 .text.setvbuf  0x08007ea8      0x188 c:/siliconlabs/simplicitystudio/v5/developer/toolchains/gnu_arm/10.3_2021.10/bin/../lib/gcc/arm-none-eabi/10.3.1/../../../../arm-none-eabi/lib/thumb/v8-m.main+fp/hard\libc_nano.a(lib_a-setvbuf.o)
                0x08007ea8                setvbuf
 .text.sprintf  0x08008030       0x40 c:/siliconlabs/simplicitystudio/v5/developer/toolchains/gnu_arm/10.3_2021.10/bin/../lib/gcc/arm-none-eabi/10.3.1/../../../../arm-none-eabi/lib/thumb/v8-m.main+fp/hard\libc_nano.a(lib_a-sprintf.o)
                0x08008030                siprintf
                0x08008030                sprintf
 .text.__sflush_r
                0x08008070      0x108 c:/siliconlabs/simplicitystudio/v5/developer/toolchains/gnu_arm/10.3_2021.10/bin/../lib/gcc/arm-none-eabi/10.3.1/../../../../arm-none-eabi/lib/thumb/v8-m.main+fp/hard\libc_nano.a(lib_a-fflush.o)
                0x08008070                __sflush_r
 .text._fflush_r
                0x08008178       0x78 c:/siliconlabs/simplicitystudio/v5/developer/toolchains/gnu_arm/10.3_2021.10/bin/../lib/gcc/arm-none-eabi/10.3.1/../../../../arm-none-eabi/lib/thumb/v8-m.main+fp/hard\libc_nano.a(lib_a-fflush.o)
                0x08008178                _fflush_r
 .text.std      0x080081f0       0x48 c:/siliconlabs/simplicitystudio/v5/developer/toolchains/gnu_arm/10.3_2021.10/bin/../lib/gcc/arm-none-eabi/10.3.1/../../../../arm-none-eabi/lib/thumb/v8-m.main+fp/hard\libc_nano.a(lib_a-findfp.o)
 .text._cleanup_r
                0x08008238        0xc c:/siliconlabs/simplicitystudio/v5/developer/toolchains/gnu_arm/10.3_2021.10/bin/../lib/gcc/arm-none-eabi/10.3.1/../../../../arm-none-eabi/lib/thumb/v8-m.main+fp/hard\libc_nano.a(lib_a-findfp.o)
                0x08008238                _cleanup_r
 .text.__sfp_lock_acquire
                0x08008244        0xc c:/siliconlabs/simplicitystudio/v5/developer/toolchains/gnu_arm/10.3_2021.10/bin/../lib/gcc/arm-none-eabi/10.3.1/../../../../arm-none-eabi/lib/thumb/v8-m.main+fp/hard\libc_nano.a(lib_a-findfp.o)
                0x08008244                __sfp_lock_acquire
 .text.__sfp_lock_release
                0x08008250        0xc c:/siliconlabs/simplicitystudio/v5/developer/toolchains/gnu_arm/10.3_2021.10/bin/../lib/gcc/arm-none-eabi/10.3.1/../../../../arm-none-eabi/lib/thumb/v8-m.main+fp/hard\libc_nano.a(lib_a-findfp.o)
                0x08008250                __sfp_lock_release
 .text.__sinit_lock_acquire
                0x0800825c        0xc c:/siliconlabs/simplicitystudio/v5/developer/toolchains/gnu_arm/10.3_2021.10/bin/../lib/gcc/arm-none-eabi/10.3.1/../../../../arm-none-eabi/lib/thumb/v8-m.main+fp/hard\libc_nano.a(lib_a-findfp.o)
                0x0800825c                __sinit_lock_acquire
 .text.__sinit_lock_release
                0x08008268        0xc c:/siliconlabs/simplicitystudio/v5/developer/toolchains/gnu_arm/10.3_2021.10/bin/../lib/gcc/arm-none-eabi/10.3.1/../../../../arm-none-eabi/lib/thumb/v8-m.main+fp/hard\libc_nano.a(lib_a-findfp.o)
                0x08008268                __sinit_lock_release
 .text.__sinit  0x08008274       0x70 c:/siliconlabs/simplicitystudio/v5/developer/toolchains/gnu_arm/10.3_2021.10/bin/../lib/gcc/arm-none-eabi/10.3.1/../../../../arm-none-eabi/lib/thumb/v8-m.main+fp/hard\libc_nano.a(lib_a-findfp.o)
                0x08008274                __sinit
 .text.__sfp    0x080082e4       0x8c c:/siliconlabs/simplicitystudio/v5/developer/toolchains/gnu_arm/10.3_2021.10/bin/../lib/gcc/arm-none-eabi/10.3.1/../../../../arm-none-eabi/lib/thumb/v8-m.main+fp/hard\libc_nano.a(lib_a-findfp.o)
                0x080082e4                __sfp
 .text._localeconv_r
                0x08008370        0x8 c:/siliconlabs/simplicitystudio/v5/developer/toolchains/gnu_arm/10.3_2021.10/bin/../lib/gcc/arm-none-eabi/10.3.1/../../../../arm-none-eabi/lib/thumb/v8-m.main+fp/hard\libc_nano.a(lib_a-localeconv.o)
                0x08008370                _localeconv_r
 .text.__smakebuf_r
                0x08008378       0x80 c:/siliconlabs/simplicitystudio/v5/developer/toolchains/gnu_arm/10.3_2021.10/bin/../lib/gcc/arm-none-eabi/10.3.1/../../../../arm-none-eabi/lib/thumb/v8-m.main+fp/hard\libc_nano.a(lib_a-makebuf.o)
                0x08008378                __smakebuf_r
 .text.malloc   0x080083f8       0x10 c:/siliconlabs/simplicitystudio/v5/developer/toolchains/gnu_arm/10.3_2021.10/bin/../lib/gcc/arm-none-eabi/10.3.1/../../../../arm-none-eabi/lib/thumb/v8-m.main+fp/hard\libc_nano.a(lib_a-malloc.o)
                0x080083f8                malloc
 .text._Balloc  0x08008408       0x80 c:/siliconlabs/simplicitystudio/v5/developer/toolchains/gnu_arm/10.3_2021.10/bin/../lib/gcc/arm-none-eabi/10.3.1/../../../../arm-none-eabi/lib/thumb/v8-m.main+fp/hard\libc_nano.a(lib_a-mprec.o)
                0x08008408                _Balloc
 .text._Bfree   0x08008488       0x44 c:/siliconlabs/simplicitystudio/v5/developer/toolchains/gnu_arm/10.3_2021.10/bin/../lib/gcc/arm-none-eabi/10.3.1/../../../../arm-none-eabi/lib/thumb/v8-m.main+fp/hard\libc_nano.a(lib_a-mprec.o)
                0x08008488                _Bfree
 .text.__multadd
                0x080084cc       0x90 c:/siliconlabs/simplicitystudio/v5/developer/toolchains/gnu_arm/10.3_2021.10/bin/../lib/gcc/arm-none-eabi/10.3.1/../../../../arm-none-eabi/lib/thumb/v8-m.main+fp/hard\libc_nano.a(lib_a-mprec.o)
                0x080084cc                __multadd
 .text.__i2b    0x0800855c       0x2c c:/siliconlabs/simplicitystudio/v5/developer/toolchains/gnu_arm/10.3_2021.10/bin/../lib/gcc/arm-none-eabi/10.3.1/../../../../arm-none-eabi/lib/thumb/v8-m.main+fp/hard\libc_nano.a(lib_a-mprec.o)
                0x0800855c                __i2b
 .text.__multiply
                0x08008588      0x150 c:/siliconlabs/simplicitystudio/v5/developer/toolchains/gnu_arm/10.3_2021.10/bin/../lib/gcc/arm-none-eabi/10.3.1/../../../../arm-none-eabi/lib/thumb/v8-m.main+fp/hard\libc_nano.a(lib_a-mprec.o)
                0x08008588                __multiply
 .text.__pow5mult
                0x080086d8       0xb4 c:/siliconlabs/simplicitystudio/v5/developer/toolchains/gnu_arm/10.3_2021.10/bin/../lib/gcc/arm-none-eabi/10.3.1/../../../../arm-none-eabi/lib/thumb/v8-m.main+fp/hard\libc_nano.a(lib_a-mprec.o)
                0x080086d8                __pow5mult
 .text.__lshift
                0x0800878c       0xe0 c:/siliconlabs/simplicitystudio/v5/developer/toolchains/gnu_arm/10.3_2021.10/bin/../lib/gcc/arm-none-eabi/10.3.1/../../../../arm-none-eabi/lib/thumb/v8-m.main+fp/hard\libc_nano.a(lib_a-mprec.o)
                0x0800878c                __lshift
 .text.__mdiff  0x0800886c      0x120 c:/siliconlabs/simplicitystudio/v5/developer/toolchains/gnu_arm/10.3_2021.10/bin/../lib/gcc/arm-none-eabi/10.3.1/../../../../arm-none-eabi/lib/thumb/v8-m.main+fp/hard\libc_nano.a(lib_a-mprec.o)
                0x0800886c                __mdiff
 .text.__d2b    0x0800898c       0xb8 c:/siliconlabs/simplicitystudio/v5/developer/toolchains/gnu_arm/10.3_2021.10/bin/../lib/gcc/arm-none-eabi/10.3.1/../../../../arm-none-eabi/lib/thumb/v8-m.main+fp/hard\libc_nano.a(lib_a-mprec.o)
                0x0800898c                __d2b
 .text._free_r  0x08008a44       0x98 c:/siliconlabs/simplicitystudio/v5/developer/toolchains/gnu_arm/10.3_2021.10/bin/../lib/gcc/arm-none-eabi/10.3.1/../../../../arm-none-eabi/lib/thumb/v8-m.main+fp/hard\libc_nano.a(lib_a-nano-freer.o)
                0x08008a44                _free_r
 .text.sbrk_aligned
                0x08008adc       0x40 c:/siliconlabs/simplicitystudio/v5/developer/toolchains/gnu_arm/10.3_2021.10/bin/../lib/gcc/arm-none-eabi/10.3.1/../../../../arm-none-eabi/lib/thumb/v8-m.main+fp/hard\libc_nano.a(lib_a-nano-mallocr.o)
 .text._malloc_r
                0x08008b1c       0xe8 c:/siliconlabs/simplicitystudio/v5/developer/toolchains/gnu_arm/10.3_2021.10/bin/../lib/gcc/arm-none-eabi/10.3.1/../../../../arm-none-eabi/lib/thumb/v8-m.main+fp/hard\libc_nano.a(lib_a-nano-mallocr.o)
                0x08008b1c                _malloc_r
 .text._svfprintf_r
                0x08008c04      0x200 c:/siliconlabs/simplicitystudio/v5/developer/toolchains/gnu_arm/10.3_2021.10/bin/../lib/gcc/arm-none-eabi/10.3.1/../../../../arm-none-eabi/lib/thumb/v8-m.main+fp/hard\libc_nano.a(lib_a-nano-svfprintf.o)
                0x08008c04                _svfiprintf_r
                0x08008c04                _svfprintf_r
 .text._vfprintf_r
                0x08008e04      0x260 c:/siliconlabs/simplicitystudio/v5/developer/toolchains/gnu_arm/10.3_2021.10/bin/../lib/gcc/arm-none-eabi/10.3.1/../../../../arm-none-eabi/lib/thumb/v8-m.main+fp/hard\libc_nano.a(lib_a-nano-vfprintf.o)
                0x08008e04                _vfprintf_r
                0x08008e04                _vfiprintf_r
 .text._sbrk_r  0x08009064       0x20 c:/siliconlabs/simplicitystudio/v5/developer/toolchains/gnu_arm/10.3_2021.10/bin/../lib/gcc/arm-none-eabi/10.3.1/../../../../arm-none-eabi/lib/thumb/v8-m.main+fp/hard\libc_nano.a(lib_a-sbrkr.o)
                0x08009064                _sbrk_r
 .text.__swbuf_r
                0x08009084       0xa4 c:/siliconlabs/simplicitystudio/v5/developer/toolchains/gnu_arm/10.3_2021.10/bin/../lib/gcc/arm-none-eabi/10.3.1/../../../../arm-none-eabi/lib/thumb/v8-m.main+fp/hard\libc_nano.a(lib_a-wbuf.o)
                0x08009084                __swbuf_r
 .text._write_r
                0x08009128       0x24 c:/siliconlabs/simplicitystudio/v5/developer/toolchains/gnu_arm/10.3_2021.10/bin/../lib/gcc/arm-none-eabi/10.3.1/../../../../arm-none-eabi/lib/thumb/v8-m.main+fp/hard\libc_nano.a(lib_a-writer.o)
                0x08009128                _write_r
 .text.__swsetup_r
                0x0800914c       0xdc c:/siliconlabs/simplicitystudio/v5/developer/toolchains/gnu_arm/10.3_2021.10/bin/../lib/gcc/arm-none-eabi/10.3.1/../../../../arm-none-eabi/lib/thumb/v8-m.main+fp/hard\libc_nano.a(lib_a-wsetup.o)
                0x0800914c                __swsetup_r
 .text.__assert_func
                0x08009228       0x3c c:/siliconlabs/simplicitystudio/v5/developer/toolchains/gnu_arm/10.3_2021.10/bin/../lib/gcc/arm-none-eabi/10.3.1/../../../../arm-none-eabi/lib/thumb/v8-m.main+fp/hard\libc_nano.a(lib_a-assert.o)
                0x08009228                __assert_func
 .text._close_r
                0x08009264       0x20 c:/siliconlabs/simplicitystudio/v5/developer/toolchains/gnu_arm/10.3_2021.10/bin/../lib/gcc/arm-none-eabi/10.3.1/../../../../arm-none-eabi/lib/thumb/v8-m.main+fp/hard\libc_nano.a(lib_a-closer.o)
                0x08009264                _close_r
 .text.fprintf  0x08009284       0x24 c:/siliconlabs/simplicitystudio/v5/developer/toolchains/gnu_arm/10.3_2021.10/bin/../lib/gcc/arm-none-eabi/10.3.1/../../../../arm-none-eabi/lib/thumb/v8-m.main+fp/hard\libc_nano.a(lib_a-fprintf.o)
                0x08009284                fiprintf
                0x08009284                fprintf
 .text._fstat_r
                0x080092a8       0x24 c:/siliconlabs/simplicitystudio/v5/developer/toolchains/gnu_arm/10.3_2021.10/bin/../lib/gcc/arm-none-eabi/10.3.1/../../../../arm-none-eabi/lib/thumb/v8-m.main+fp/hard\libc_nano.a(lib_a-fstatr.o)
                0x080092a8                _fstat_r
 .text._isatty_r
                0x080092cc       0x20 c:/siliconlabs/simplicitystudio/v5/developer/toolchains/gnu_arm/10.3_2021.10/bin/../lib/gcc/arm-none-eabi/10.3.1/../../../../arm-none-eabi/lib/thumb/v8-m.main+fp/hard\libc_nano.a(lib_a-isattyr.o)
                0x080092cc                _isatty_r
 .text._lseek_r
                0x080092ec       0x24 c:/siliconlabs/simplicitystudio/v5/developer/toolchains/gnu_arm/10.3_2021.10/bin/../lib/gcc/arm-none-eabi/10.3.1/../../../../arm-none-eabi/lib/thumb/v8-m.main+fp/hard\libc_nano.a(lib_a-lseekr.o)
                0x080092ec                _lseek_r
 .text.__malloc_lock
                0x08009310        0xc c:/siliconlabs/simplicitystudio/v5/developer/toolchains/gnu_arm/10.3_2021.10/bin/../lib/gcc/arm-none-eabi/10.3.1/../../../../arm-none-eabi/lib/thumb/v8-m.main+fp/hard\libc_nano.a(lib_a-mlock.o)
                0x08009310                __malloc_lock
 .text.__malloc_unlock
                0x0800931c        0xc c:/siliconlabs/simplicitystudio/v5/developer/toolchains/gnu_arm/10.3_2021.10/bin/../lib/gcc/arm-none-eabi/10.3.1/../../../../arm-none-eabi/lib/thumb/v8-m.main+fp/hard\libc_nano.a(lib_a-mlock.o)
                0x0800931c                __malloc_unlock
 .text._read_r  0x08009328       0x24 c:/siliconlabs/simplicitystudio/v5/developer/toolchains/gnu_arm/10.3_2021.10/bin/../lib/gcc/arm-none-eabi/10.3.1/../../../../arm-none-eabi/lib/thumb/v8-m.main+fp/hard\libc_nano.a(lib_a-readr.o)
                0x08009328                _read_r
 .text.raise    0x0800934c       0x10 c:/siliconlabs/simplicitystudio/v5/developer/toolchains/gnu_arm/10.3_2021.10/bin/../lib/gcc/arm-none-eabi/10.3.1/../../../../arm-none-eabi/lib/thumb/v8-m.main+fp/hard\libc_nano.a(lib_a-signal.o)
                0x0800934c                raise
 .text._kill_r  0x0800935c       0x24 c:/siliconlabs/simplicitystudio/v5/developer/toolchains/gnu_arm/10.3_2021.10/bin/../lib/gcc/arm-none-eabi/10.3.1/../../../../arm-none-eabi/lib/thumb/v8-m.main+fp/hard\libc_nano.a(lib_a-signalr.o)
                0x0800935c                _kill_r
 .text          0x08009380       0x2c c:/siliconlabs/simplicitystudio/v5/developer/toolchains/gnu_arm/10.3_2021.10/bin/../lib/gcc/arm-none-eabi/10.3.1/thumb/v8-m.main+fp/hard\libgcc.a(_arm_unorddf2.o)
                0x08009380                __unorddf2
                0x08009380                __aeabi_dcmpun
 .text.initGPIO
                0x080093ac        0xc ./ADC_lib.o
                0x080093ac                initGPIO
 .text.bh1750_configure
                0x080093b8       0x48 ./bh1750.o
                0x080093b8                bh1750_configure
 .text.startup.main
                0x08009400       0x14 ./main.o
                0x08009400                main
 .text.sl_board_default_init
                0x08009414        0x2 ./autogen/sl_board_default_init.o
                0x08009414                sl_board_default_init
 .text.sl_platform_init
                0x08009416       0x26 ./autogen/sl_event_handler.o
                0x08009416                sl_platform_init
 .text.sl_driver_init
                0x0800943c        0x4 ./autogen/sl_event_handler.o
                0x0800943c                sl_driver_init
 .text.sl_stack_init
                0x08009440        0x2 ./autogen/sl_event_handler.o
                0x08009440                sl_stack_init
 .text.sl_internal_app_init
                0x08009442        0x4 ./autogen/sl_event_handler.o
                0x08009442                sl_internal_app_init
 .text.sl_platform_process_action
                0x08009446        0x2 ./autogen/sl_event_handler.o
                0x08009446                sl_platform_process_action
 .text.sl_service_process_action
                0x08009448        0x2 ./autogen/sl_event_handler.o
                0x08009448                sl_service_process_action
 .text.sl_stack_process_action
                0x0800944a        0x2 ./autogen/sl_event_handler.o
                0x0800944a                sl_stack_process_action
 .text.sl_internal_app_process_action
                0x0800944c        0x2 ./autogen/sl_event_handler.o
                0x0800944c                sl_internal_app_process_action
 .text.sl_iostream_init_instances
                0x0800944e        0xe ./autogen/sl_event_handler.o
                0x0800944e                sl_iostream_init_instances
 .text.sl_service_init
                0x0800945c       0x16 ./autogen/sl_event_handler.o
                0x0800945c                sl_service_init
 .text.sl_iostream_eusart_init_instances
                0x08009472        0x4 ./autogen/sl_iostream_init_eusart_instances.o
                0x08009472                sl_iostream_eusart_init_instances
 .text.EUSART1_TX_IRQHandler
                0x08009476        0x4 ./autogen/sl_iostream_init_eusart_instances.o
                0x08009476                EUSART1_TX_IRQHandler
 .text.USART0_TX_IRQHandler
                0x0800947a        0x4 ./autogen/sl_iostream_init_usart_instances.o
                0x0800947a                USART0_TX_IRQHandler
 .text.sl_board_configure_vcom
                0x0800947e        0x4 ./gecko_sdk_4.2.3/hardware/board/src/sl_board_control_gpio.o
                0x0800947e                sl_board_configure_vcom
 .text.sl_board_init
                0x08009482       0x12 ./gecko_sdk_4.2.3/hardware/board/src/sl_board_init.o
                0x08009482                sl_board_init
 .text.sl_board_preinit
                0x08009494        0x8 ./gecko_sdk_4.2.3/hardware/board/src/sl_board_init.o
                0x08009494                sl_board_preinit
 .text.bmp280_delay_ms
                0x0800949c        0x6 ./gecko_sdk_4.2.3/hardware/driver/bmp280/src/sl_bmp280.o
 .text.Default_Handler
                0x080094a2        0x2 ./gecko_sdk_4.2.3/platform/Device/SiliconLabs/EFR32MG24/Source/startup_efr32mg24.o
                0x080094a2                ULFRCO_IRQHandler
                0x080094a2                AHB2AHB1_IRQHandler
                0x080094a2                SW2_IRQHandler
                0x080094a2                TIMER2_IRQHandler
                0x080094a2                DebugMon_Handler
                0x080094a2                EUSART0_TX_IRQHandler
                0x080094a2                I2C0_IRQHandler
                0x080094a2                LFXO_IRQHandler
                0x080094a2                HardFault_Handler
                0x080094a2                SMU_SECURE_IRQHandler
                0x080094a2                SysTick_Handler
                0x080094a2                SYSRTC_SEQ_IRQHandler
                0x080094a2                EMUEFP_IRQHandler
                0x080094a2                PendSV_Handler
                0x080094a2                NMI_Handler
                0x080094a2                SYNTH_IRQHandler
                0x080094a2                HOSTMAILBOX_IRQHandler
                0x080094a2                HFXO0_IRQHandler
                0x080094a2                I2C1_IRQHandler
                0x080094a2                WDOG0_IRQHandler
                0x080094a2                TIMER3_IRQHandler
                0x080094a2                SYSCFG_IRQHandler
                0x080094a2                RFECA1_IRQHandler
                0x080094a2                EMUDG_IRQHandler
                0x080094a2                MSC_IRQHandler
                0x080094a2                DPLL0_IRQHandler
                0x080094a2                UsageFault_Handler
                0x080094a2                WDOG1_IRQHandler
                0x080094a2                M33CTI1_IRQHandler
                0x080094a2                TIMER4_IRQHandler
                0x080094a2                GPIO_EVEN_IRQHandler
                0x080094a2                VDAC0_IRQHandler
                0x080094a2                SEMBTX_IRQHandler
                0x080094a2                SW0_IRQHandler
                0x080094a2                TIMER0_IRQHandler
                0x080094a2                MVP_IRQHandler
                0x080094a2                LETIMER0_IRQHandler
                0x080094a2                TIMER1_IRQHandler
                0x080094a2                HFRCO0_IRQHandler
                0x080094a2                SecureFault_Handler
                0x080094a2                BUFC_IRQHandler
                0x080094a2                DCDC_IRQHandler
                0x080094a2                MODEM_IRQHandler
                0x080094a2                Default_Handler
                0x080094a2                RAC_SEQ_IRQHandler
                0x080094a2                FRC_PRI_IRQHandler
                0x080094a2                EMU_IRQHandler
                0x080094a2                SW3_IRQHandler
                0x080094a2                KERNEL0_IRQHandler
                0x080094a2                FRC_IRQHandler
                0x080094a2                PCNT0_IRQHandler
                0x080094a2                KERNEL1_IRQHandler
                0x080094a2                AGC_IRQHandler
                0x080094a2                KEYSCAN_IRQHandler
                0x080094a2                sl_app_properties
                0x080094a2                HFRCOEM23_IRQHandler
                0x080094a2                BURTC_IRQHandler
                0x080094a2                SEMBRX_IRQHandler
                0x080094a2                RFECA0_IRQHandler
                0x080094a2                LFRCO_IRQHandler
                0x080094a2                VDAC1_IRQHandler
                0x080094a2                ACMP0_IRQHandler
                0x080094a2                MemManage_Handler
                0x080094a2                AHB2AHB0_IRQHandler
                0x080094a2                SVC_Handler
                0x080094a2                SMU_S_PRIVILEGED_IRQHandler
                0x080094a2                SW1_IRQHandler
                0x080094a2                CMU_IRQHandler
                0x080094a2                EUSART0_RX_IRQHandler
                0x080094a2                RAC_RSM_IRQHandler
                0x080094a2                SETAMPERHOST_IRQHandler
                0x080094a2                GPIO_ODD_IRQHandler
                0x080094a2                AES_IRQHandler
                0x080094a2                M33CTI0_IRQHandler
                0x080094a2                ICACHE0_IRQHandler
                0x080094a2                SMU_NS_PRIVILEGED_IRQHandler
                0x080094a2                FPUEXH_IRQHandler
                0x080094a2                PROTIMER_IRQHandler
                0x080094a2                ACMP1_IRQHandler
                0x080094a2                BusFault_Handler
                0x080094a2                MPAHBRAM_IRQHandler
 .text.SystemCLKIN0Get
                0x080094a4        0x4 ./gecko_sdk_4.2.3/platform/Device/SiliconLabs/EFR32MG24/Source/system_efr32mg24.o
                0x080094a4                SystemCLKIN0Get
 .text.SystemLFRCOClockGet
                0x080094a8        0x6 ./gecko_sdk_4.2.3/platform/Device/SiliconLabs/EFR32MG24/Source/system_efr32mg24.o
                0x080094a8                SystemLFRCOClockGet
 .text.SystemULFRCOClockGet
                0x080094ae        0x6 ./gecko_sdk_4.2.3/platform/Device/SiliconLabs/EFR32MG24/Source/system_efr32mg24.o
                0x080094ae                SystemULFRCOClockGet
 .text.assertEFM
                0x080094b4        0x2 ./gecko_sdk_4.2.3/platform/common/src/sl_assert.o
                0x080094b4                assertEFM
 .text.DMADRV_PeripheralMemory
                0x080094b6       0x34 ./gecko_sdk_4.2.3/platform/emdrv/dmadrv/src/dmadrv.o
                0x080094b6                DMADRV_PeripheralMemory
 .text.BUS_RegMaskedWrite
                0x080094ea       0x22 ./gecko_sdk_4.2.3/platform/emlib/src/em_cmu.o
 .text.waitStateMax
                0x0800950c       0x10 ./gecko_sdk_4.2.3/platform/emlib/src/em_cmu.o
 .text.CMU_UpdateWaitStates
                0x0800951c        0xc ./gecko_sdk_4.2.3/platform/emlib/src/em_cmu.o
                0x0800951c                CMU_UpdateWaitStates
 .text.pclkDivMax
                0x08009528        0xa ./gecko_sdk_4.2.3/platform/emlib/src/em_cmu.o
 .text.sli_em_cmu_SYSCLKInitPostClockSelect
                0x08009532       0x2a ./gecko_sdk_4.2.3/platform/emlib/src/em_cmu.o
                0x08009532                sli_em_cmu_SYSCLKInitPostClockSelect
 .text.CORE_EnterCritical
                0x0800955c        0x8 ./gecko_sdk_4.2.3/platform/emlib/src/em_core.o
                0x0800955c                CORE_EnterCritical
 .text.CORE_ExitCritical
                0x08009564        0x6 ./gecko_sdk_4.2.3/platform/emlib/src/em_core.o
                0x08009564                CORE_ExitCritical
 .text.CORE_EnterAtomic
                0x0800956a        0xc ./gecko_sdk_4.2.3/platform/emlib/src/em_core.o
                0x0800956a                CORE_EnterAtomic
 .text.CORE_ExitAtomic
                0x08009576        0x6 ./gecko_sdk_4.2.3/platform/emlib/src/em_core.o
                0x08009576                CORE_ExitAtomic
 .text.EMU_EFPEM01VScale
                0x0800957c        0x2 ./gecko_sdk_4.2.3/platform/emlib/src/em_emu.o
                0x0800957c                EMU_EFPEM01VScale
 .text.EMU_DCDCUpdatedHook
                0x0800957e        0x2 ./gecko_sdk_4.2.3/platform/emlib/src/em_emu.o
                0x0800957e                EMU_DCDCUpdatedHook
 .text.eusart_sync
                0x08009580        0x8 ./gecko_sdk_4.2.3/platform/emlib/src/em_eusart.o
 .text.EUSART_Disable
                0x08009588       0x34 ./gecko_sdk_4.2.3/platform/emlib/src/em_eusart.o
 .text.EUSART_Tx
                0x080095bc        0xa ./gecko_sdk_4.2.3/platform/emlib/src/em_eusart.o
                0x080095bc                EUSART_Tx
 .text.BUS_RegMaskedWrite
                0x080095c6       0x22 ./gecko_sdk_4.2.3/platform/emlib/src/em_gpio.o
 .text.IADC_ConvertRawDataToResult
                0x080095e8       0x32 ./gecko_sdk_4.2.3/platform/emlib/src/em_iadc.o
 .text.IADC_pullScanFifoResult
                0x0800961a       0x14 ./gecko_sdk_4.2.3/platform/emlib/src/em_iadc.o
                0x0800961a                IADC_pullScanFifoResult
 .text.USART_Tx
                0x0800962e        0xa ./gecko_sdk_4.2.3/platform/emlib/src/em_usart.o
                0x0800962e                USART_Tx
 .text.sl_iostream_write
                0x08009638       0x28 ./gecko_sdk_4.2.3/platform/service/iostream/src/sl_iostream.o
                0x08009638                sl_iostream_write
 .text.sl_iostream_read
                0x08009660       0x32 ./gecko_sdk_4.2.3/platform/service/iostream/src/sl_iostream.o
                0x08009660                sl_iostream_read
 .text.sl_iostream_getchar
                0x08009692        0x8 ./gecko_sdk_4.2.3/platform/service/iostream/src/sl_iostream.o
                0x08009692                sl_iostream_getchar
 .text.eusart_deinit
                0x0800969a       0x70 ./gecko_sdk_4.2.3/platform/service/iostream/src/sl_iostream_eusart.o
 .text.eusart_set_next_byte_detect
                0x0800970a       0x30 ./gecko_sdk_4.2.3/platform/service/iostream/src/sl_iostream_eusart.o
 .text.eusart_tx
                0x0800973a        0xc ./gecko_sdk_4.2.3/platform/service/iostream/src/sl_iostream_eusart.o
 .text.sl_iostream_eusart_irq_handler
                0x08009746       0x72 ./gecko_sdk_4.2.3/platform/service/iostream/src/sl_iostream_eusart.o
                0x08009746                sl_iostream_eusart_irq_handler
 .text._close   0x080097b8        0x4 ./gecko_sdk_4.2.3/platform/service/iostream/src/sl_iostream_retarget_stdio.o
                0x080097b8                _close
 .text._exit    0x080097bc        0x2 ./gecko_sdk_4.2.3/platform/service/iostream/src/sl_iostream_retarget_stdio.o
                0x080097bc                _exit
 .text._fstat   0x080097be        0xa ./gecko_sdk_4.2.3/platform/service/iostream/src/sl_iostream_retarget_stdio.o
                0x080097be                _fstat
 .text._getpid  0x080097c8        0x4 ./gecko_sdk_4.2.3/platform/service/iostream/src/sl_iostream_retarget_stdio.o
                0x080097c8                _getpid
 .text._isatty  0x080097cc        0x4 ./gecko_sdk_4.2.3/platform/service/iostream/src/sl_iostream_retarget_stdio.o
                0x080097cc                _isatty
 .text._kill    0x080097d0        0x6 ./gecko_sdk_4.2.3/platform/service/iostream/src/sl_iostream_retarget_stdio.o
                0x080097d0                _kill
 .text._lseek   0x080097d6        0x4 ./gecko_sdk_4.2.3/platform/service/iostream/src/sl_iostream_retarget_stdio.o
                0x080097d6                _lseek
 .text._read    0x080097da       0x1c ./gecko_sdk_4.2.3/platform/service/iostream/src/sl_iostream_retarget_stdio.o
                0x080097da                _read
 .text.set_auto_cr_lf
                0x080097f6        0x6 ./gecko_sdk_4.2.3/platform/service/iostream/src/sl_iostream_uart.o
 .text.get_auto_cr_lf
                0x080097fc        0x6 ./gecko_sdk_4.2.3/platform/service/iostream/src/sl_iostream_uart.o
 .text.usart_set_next_byte_detect
                0x08009802        0xc ./gecko_sdk_4.2.3/platform/service/iostream/src/sl_iostream_usart.o
 .text.usart_deinit
                0x0800980e       0x78 ./gecko_sdk_4.2.3/platform/service/iostream/src/sl_iostream_usart.o
 .text.usart_tx
                0x08009886        0xc ./gecko_sdk_4.2.3/platform/service/iostream/src/sl_iostream_usart.o
 .text.sl_iostream_usart_irq_handler
                0x08009892       0x70 ./gecko_sdk_4.2.3/platform/service/iostream/src/sl_iostream_usart.o
                0x08009892                sl_iostream_usart_irq_handler
 .text.delay_callback
                0x08009902        0x6 ./gecko_sdk_4.2.3/platform/service/sleeptimer/src/sl_sleeptimer.o
 .text.sl_sleeptimer_start_timer
                0x08009908       0x48 ./gecko_sdk_4.2.3/platform/service/sleeptimer/src/sl_sleeptimer.o
                0x08009908                sl_sleeptimer_start_timer
 .text.sleeptimer_hal_get_compare
                0x08009950        0x8 ./gecko_sdk_4.2.3/platform/service/sleeptimer/src/sl_sleeptimer_hal_sysrtc.o
                0x08009950                sleeptimer_hal_get_compare
 .text.sleeptimer_hal_enable_int
                0x08009958       0x12 ./gecko_sdk_4.2.3/platform/service/sleeptimer/src/sl_sleeptimer_hal_sysrtc.o
                0x08009958                sleeptimer_hal_enable_int
 .text.sli_sleeptimer_hal_is_int_status_set
                0x0800996a       0x22 ./gecko_sdk_4.2.3/platform/service/sleeptimer/src/sl_sleeptimer_hal_sysrtc.o
                0x0800996a                sli_sleeptimer_hal_is_int_status_set
 .text.SYSRTC_APP_IRQHandler
                0x0800998c       0x34 ./gecko_sdk_4.2.3/platform/service/sleeptimer/src/sl_sleeptimer_hal_sysrtc.o
                0x0800998c                SYSRTC_APP_IRQHandler
 .text.sleeptimer_hal_get_timer_frequency
                0x080099c0        0x6 ./gecko_sdk_4.2.3/platform/service/sleeptimer/src/sl_sleeptimer_hal_sysrtc.o
                0x080099c0                sleeptimer_hal_get_timer_frequency
 .text.sl_system_init
                0x080099c6       0x1a ./gecko_sdk_4.2.3/platform/service/system/src/sl_system_init.o
                0x080099c6                sl_system_init
 .text.sl_system_process_action
                0x080099e0       0x16 ./gecko_sdk_4.2.3/platform/service/system/src/sl_system_process_action.o
                0x080099e0                sl_system_process_action
 .text.memcpy   0x080099f6       0x1a c:/siliconlabs/simplicitystudio/v5/developer/toolchains/gnu_arm/10.3_2021.10/bin/../lib/gcc/arm-none-eabi/10.3.1/../../../../arm-none-eabi/lib/thumb/v8-m.main+fp/hard\libc_nano.a(lib_a-memcpy-stub.o)
                0x080099f6                memcpy
 .text.memset   0x08009a10       0x10 c:/siliconlabs/simplicitystudio/v5/developer/toolchains/gnu_arm/10.3_2021.10/bin/../lib/gcc/arm-none-eabi/10.3.1/../../../../arm-none-eabi/lib/thumb/v8-m.main+fp/hard\libc_nano.a(lib_a-memset.o)
                0x08009a10                memset
 .text.__cvt    0x08009a20       0xc4 c:/siliconlabs/simplicitystudio/v5/developer/toolchains/gnu_arm/10.3_2021.10/bin/../lib/gcc/arm-none-eabi/10.3.1/../../../../arm-none-eabi/lib/thumb/v8-m.main+fp/hard\libc_nano.a(lib_a-nano-vfprintf_float.o)
                0x08009a20                __cvt
 .text.__exponent
                0x08009ae4       0x7c c:/siliconlabs/simplicitystudio/v5/developer/toolchains/gnu_arm/10.3_2021.10/bin/../lib/gcc/arm-none-eabi/10.3.1/../../../../arm-none-eabi/lib/thumb/v8-m.main+fp/hard\libc_nano.a(lib_a-nano-vfprintf_float.o)
                0x08009ae4                __exponent
 .text._printf_common
                0x08009b60       0xe0 c:/siliconlabs/simplicitystudio/v5/developer/toolchains/gnu_arm/10.3_2021.10/bin/../lib/gcc/arm-none-eabi/10.3.1/../../../../arm-none-eabi/lib/thumb/v8-m.main+fp/hard\libc_nano.a(lib_a-nano-vfprintf_i.o)
                0x08009b60                _printf_common
 .text          0x08009c40       0x10 c:/siliconlabs/simplicitystudio/v5/developer/toolchains/gnu_arm/10.3_2021.10/bin/../lib/gcc/arm-none-eabi/10.3.1/../../../../arm-none-eabi/lib/thumb/v8-m.main+fp/hard\libc_nano.a(lib_a-strlen.o)
                0x08009c40                strlen
 .text.quorem   0x08009c50      0x122 c:/siliconlabs/simplicitystudio/v5/developer/toolchains/gnu_arm/10.3_2021.10/bin/../lib/gcc/arm-none-eabi/10.3.1/../../../../arm-none-eabi/lib/thumb/v8-m.main+fp/hard\libc_nano.a(lib_a-dtoa.o)
 .text.__sfmoreglue
                0x08009d72       0x2c c:/siliconlabs/simplicitystudio/v5/developer/toolchains/gnu_arm/10.3_2021.10/bin/../lib/gcc/arm-none-eabi/10.3.1/../../../../arm-none-eabi/lib/thumb/v8-m.main+fp/hard\libc_nano.a(lib_a-findfp.o)
                0x08009d72                __sfmoreglue
 .text._fwalk_reent
                0x08009d9e       0x3e c:/siliconlabs/simplicitystudio/v5/developer/toolchains/gnu_arm/10.3_2021.10/bin/../lib/gcc/arm-none-eabi/10.3.1/../../../../arm-none-eabi/lib/thumb/v8-m.main+fp/hard\libc_nano.a(lib_a-fwalk.o)
                0x08009d9e                _fwalk_reent
 .text.__retarget_lock_init_recursive
                0x08009ddc        0x2 c:/siliconlabs/simplicitystudio/v5/developer/toolchains/gnu_arm/10.3_2021.10/bin/../lib/gcc/arm-none-eabi/10.3.1/../../../../arm-none-eabi/lib/thumb/v8-m.main+fp/hard\libc_nano.a(lib_a-lock.o)
                0x08009ddc                __retarget_lock_init_recursive
 .text.__retarget_lock_acquire_recursive
                0x08009dde        0x2 c:/siliconlabs/simplicitystudio/v5/developer/toolchains/gnu_arm/10.3_2021.10/bin/../lib/gcc/arm-none-eabi/10.3.1/../../../../arm-none-eabi/lib/thumb/v8-m.main+fp/hard\libc_nano.a(lib_a-lock.o)
                0x08009dde                __retarget_lock_acquire_recursive
 .text.__retarget_lock_release_recursive
                0x08009de0        0x2 c:/siliconlabs/simplicitystudio/v5/developer/toolchains/gnu_arm/10.3_2021.10/bin/../lib/gcc/arm-none-eabi/10.3.1/../../../../arm-none-eabi/lib/thumb/v8-m.main+fp/hard\libc_nano.a(lib_a-lock.o)
                0x08009de0                __retarget_lock_release_recursive
 .text.__swhatbuf_r
                0x08009de2       0x4a c:/siliconlabs/simplicitystudio/v5/developer/toolchains/gnu_arm/10.3_2021.10/bin/../lib/gcc/arm-none-eabi/10.3.1/../../../../arm-none-eabi/lib/thumb/v8-m.main+fp/hard\libc_nano.a(lib_a-makebuf.o)
                0x08009de2                __swhatbuf_r
 .text.memchr   0x08009e2c       0x1c c:/siliconlabs/simplicitystudio/v5/developer/toolchains/gnu_arm/10.3_2021.10/bin/../lib/gcc/arm-none-eabi/10.3.1/../../../../arm-none-eabi/lib/thumb/v8-m.main+fp/hard\libc_nano.a(lib_a-memchr-stub.o)
                0x08009e2c                memchr
 .text.__hi0bits
                0x08009e48       0x40 c:/siliconlabs/simplicitystudio/v5/developer/toolchains/gnu_arm/10.3_2021.10/bin/../lib/gcc/arm-none-eabi/10.3.1/../../../../arm-none-eabi/lib/thumb/v8-m.main+fp/hard\libc_nano.a(lib_a-mprec.o)
                0x08009e48                __hi0bits
 .text.__lo0bits
                0x08009e88       0x5e c:/siliconlabs/simplicitystudio/v5/developer/toolchains/gnu_arm/10.3_2021.10/bin/../lib/gcc/arm-none-eabi/10.3.1/../../../../arm-none-eabi/lib/thumb/v8-m.main+fp/hard\libc_nano.a(lib_a-mprec.o)
                0x08009e88                __lo0bits
 .text.__mcmp   0x08009ee6       0x38 c:/siliconlabs/simplicitystudio/v5/developer/toolchains/gnu_arm/10.3_2021.10/bin/../lib/gcc/arm-none-eabi/10.3.1/../../../../arm-none-eabi/lib/thumb/v8-m.main+fp/hard\libc_nano.a(lib_a-mprec.o)
                0x08009ee6                __mcmp
 .text._calloc_r
                0x08009f1e       0x2c c:/siliconlabs/simplicitystudio/v5/developer/toolchains/gnu_arm/10.3_2021.10/bin/../lib/gcc/arm-none-eabi/10.3.1/../../../../arm-none-eabi/lib/thumb/v8-m.main+fp/hard\libc_nano.a(lib_a-nano-callocr.o)
                0x08009f1e                _calloc_r
 .text.__ssputs_r
                0x08009f4a       0xb6 c:/siliconlabs/simplicitystudio/v5/developer/toolchains/gnu_arm/10.3_2021.10/bin/../lib/gcc/arm-none-eabi/10.3.1/../../../../arm-none-eabi/lib/thumb/v8-m.main+fp/hard\libc_nano.a(lib_a-nano-svfprintf.o)
                0x08009f4a                __ssputs_r
 .text.__sfputc_r
                0x0800a000       0x2e c:/siliconlabs/simplicitystudio/v5/developer/toolchains/gnu_arm/10.3_2021.10/bin/../lib/gcc/arm-none-eabi/10.3.1/../../../../arm-none-eabi/lib/thumb/v8-m.main+fp/hard\libc_nano.a(lib_a-nano-vfprintf.o)
 .text.__sfputs_r
                0x0800a02e       0x24 c:/siliconlabs/simplicitystudio/v5/developer/toolchains/gnu_arm/10.3_2021.10/bin/../lib/gcc/arm-none-eabi/10.3.1/../../../../arm-none-eabi/lib/thumb/v8-m.main+fp/hard\libc_nano.a(lib_a-nano-vfprintf.o)
                0x0800a02e                __sfputs_r
 .text.__sread  0x0800a052       0x22 c:/siliconlabs/simplicitystudio/v5/developer/toolchains/gnu_arm/10.3_2021.10/bin/../lib/gcc/arm-none-eabi/10.3.1/../../../../arm-none-eabi/lib/thumb/v8-m.main+fp/hard\libc_nano.a(lib_a-stdio.o)
                0x0800a052                __sread
 .text.__swrite
                0x0800a074       0x38 c:/siliconlabs/simplicitystudio/v5/developer/toolchains/gnu_arm/10.3_2021.10/bin/../lib/gcc/arm-none-eabi/10.3.1/../../../../arm-none-eabi/lib/thumb/v8-m.main+fp/hard\libc_nano.a(lib_a-stdio.o)
                0x0800a074                __swrite
 .text.__sseek  0x0800a0ac       0x24 c:/siliconlabs/simplicitystudio/v5/developer/toolchains/gnu_arm/10.3_2021.10/bin/../lib/gcc/arm-none-eabi/10.3.1/../../../../arm-none-eabi/lib/thumb/v8-m.main+fp/hard\libc_nano.a(lib_a-stdio.o)
                0x0800a0ac                __sseek
 .text.__sclose
                0x0800a0d0        0x8 c:/siliconlabs/simplicitystudio/v5/developer/toolchains/gnu_arm/10.3_2021.10/bin/../lib/gcc/arm-none-eabi/10.3.1/../../../../arm-none-eabi/lib/thumb/v8-m.main+fp/hard\libc_nano.a(lib_a-stdio.o)
                0x0800a0d0                __sclose
 .text.__ascii_mbtowc
                0x0800a0d8       0x24 c:/siliconlabs/simplicitystudio/v5/developer/toolchains/gnu_arm/10.3_2021.10/bin/../lib/gcc/arm-none-eabi/10.3.1/../../../../arm-none-eabi/lib/thumb/v8-m.main+fp/hard\libc_nano.a(lib_a-mbtowc_r.o)
                0x0800a0d8                __ascii_mbtowc
 .text.memmove  0x0800a0fc       0x34 c:/siliconlabs/simplicitystudio/v5/developer/toolchains/gnu_arm/10.3_2021.10/bin/../lib/gcc/arm-none-eabi/10.3.1/../../../../arm-none-eabi/lib/thumb/v8-m.main+fp/hard\libc_nano.a(lib_a-memmove.o)
                0x0800a0fc                memmove
 .text._realloc_r
                0x0800a130       0x5e c:/siliconlabs/simplicitystudio/v5/developer/toolchains/gnu_arm/10.3_2021.10/bin/../lib/gcc/arm-none-eabi/10.3.1/../../../../arm-none-eabi/lib/thumb/v8-m.main+fp/hard\libc_nano.a(lib_a-nano-reallocr.o)
                0x0800a130                _realloc_r
 .text.__ascii_wctomb
                0x0800a18e       0x1a c:/siliconlabs/simplicitystudio/v5/developer/toolchains/gnu_arm/10.3_2021.10/bin/../lib/gcc/arm-none-eabi/10.3.1/../../../../arm-none-eabi/lib/thumb/v8-m.main+fp/hard\libc_nano.a(lib_a-wctomb_r.o)
                0x0800a18e                __ascii_wctomb
 .text.abort    0x0800a1a8        0xe c:/siliconlabs/simplicitystudio/v5/developer/toolchains/gnu_arm/10.3_2021.10/bin/../lib/gcc/arm-none-eabi/10.3.1/../../../../arm-none-eabi/lib/thumb/v8-m.main+fp/hard\libc_nano.a(lib_a-abort.o)
                0x0800a1a8                abort
 .text._malloc_usable_size_r
                0x0800a1b6       0x10 c:/siliconlabs/simplicitystudio/v5/developer/toolchains/gnu_arm/10.3_2021.10/bin/../lib/gcc/arm-none-eabi/10.3.1/../../../../arm-none-eabi/lib/thumb/v8-m.main+fp/hard\libc_nano.a(lib_a-nano-msizer.o)
                0x0800a1b6                _malloc_usable_size_r
 .text._raise_r
                0x0800a1c6       0x50 c:/siliconlabs/simplicitystudio/v5/developer/toolchains/gnu_arm/10.3_2021.10/bin/../lib/gcc/arm-none-eabi/10.3.1/../../../../arm-none-eabi/lib/thumb/v8-m.main+fp/hard\libc_nano.a(lib_a-signal.o)
                0x0800a1c6                _raise_r
 .text._getpid_r
                0x0800a216        0x4 c:/siliconlabs/simplicitystudio/v5/developer/toolchains/gnu_arm/10.3_2021.10/bin/../lib/gcc/arm-none-eabi/10.3.1/../../../../arm-none-eabi/lib/thumb/v8-m.main+fp/hard\libc_nano.a(lib_a-signalr.o)
                0x0800a216                _getpid_r
                0x0800a21a                linker_code_end = .
 *(.init)
 *fill*         0x0800a21a        0x2 
 .init          0x0800a21c        0x4 c:/siliconlabs/simplicitystudio/v5/developer/toolchains/gnu_arm/10.3_2021.10/bin/../lib/gcc/arm-none-eabi/10.3.1/thumb/v8-m.main+fp/hard/crti.o
                0x0800a21c                _init
 .init          0x0800a220        0x8 c:/siliconlabs/simplicitystudio/v5/developer/toolchains/gnu_arm/10.3_2021.10/bin/../lib/gcc/arm-none-eabi/10.3.1/thumb/v8-m.main+fp/hard/crtn.o
 *(.fini)
 .fini          0x0800a228        0x4 c:/siliconlabs/simplicitystudio/v5/developer/toolchains/gnu_arm/10.3_2021.10/bin/../lib/gcc/arm-none-eabi/10.3.1/thumb/v8-m.main+fp/hard/crti.o
                0x0800a228                _fini
 .fini          0x0800a22c        0x8 c:/siliconlabs/simplicitystudio/v5/developer/toolchains/gnu_arm/10.3_2021.10/bin/../lib/gcc/arm-none-eabi/10.3.1/thumb/v8-m.main+fp/hard/crtn.o
 *crtbegin.o(.ctors)
 *crtbegin?.o(.ctors)
 *(EXCLUDE_FILE(*crtend.o *crtend?.o) .ctors)
 *(SORT_BY_NAME(.ctors.*))
 *(.ctors)
 *crtbegin.o(.dtors)
 *crtbegin?.o(.dtors)
 *(EXCLUDE_FILE(*crtend.o *crtend?.o) .dtors)
 *(SORT_BY_NAME(.dtors.*))
 *(.dtors)
 *(.rodata*)
 .rodata.ADC_read.str1.1
                0x0800a234        0x9 ./ADC_lib.o
 .rodata.ADC_read_bat.str1.1
                0x0800a23d        0xe ./ADC_lib.o
 *fill*         0x0800a24b        0x1 
 .rodata        0x0800a24c       0x28 ./ADC_lib.o
 .rodata.app_init.str1.1
                0x0800a274       0x27 ./app.o
 .rodata.app_process_action.str1.1
                0x0800a29b        0xa ./app.o
 .rodata.i2c_scan_init.str1.1
                0x0800a2a5       0x23 ./i2c_scan.o
 .rodata.i2c_scan_process.str1.1
                0x0800a2c8       0x33 ./i2c_scan.o
 .rodata.lora_send.str1.1
                0x0800a2fb       0x47 ./lora_uart.o
 .rodata.pms7003_init.str1.1
                0x0800a342       0x20 ./pms7003.o
 .rodata.pms7003_process.str1.1
                0x0800a362       0x23 ./pms7003.o
 .rodata.sl_iostream_eusart_init_mikroe.str1.1
                0x0800a385       0x2f ./autogen/sl_iostream_init_eusart_instances.o
 .rodata        0x0800a3b4       0x20 ./autogen/sl_iostream_init_eusart_instances.o
 .rodata.sl_iostream_usart_init_vcom.str1.1
                0x0800a3d4       0x2e ./autogen/sl_iostream_init_usart_instances.o
 *fill*         0x0800a402        0x2 
 .rodata        0x0800a404       0x1c ./autogen/sl_iostream_init_usart_instances.o
 .rodata        0x0800a420       0x2a ./gecko_sdk_4.2.3/hardware/driver/bmp280/bosch/BMP280_driver/bmp280.o
 .rodata.I2CSPM_Init.str1.1
                0x0800a44a       0xbc ./gecko_sdk_4.2.3/platform/driver/i2cspm/src/sl_i2cspm.o
 .rodata        0x0800a506        0x4 ./gecko_sdk_4.2.3/platform/emdrv/dmadrv/src/dmadrv.o
 .rodata.HFRCODPLLDevinfoGet.str1.1
                0x0800a50a       0x58 ./gecko_sdk_4.2.3/platform/emlib/src/em_cmu.o
 .rodata.CSWTCH.94
                0x0800a562        0x6 ./gecko_sdk_4.2.3/platform/emlib/src/em_cmu.o
 .rodata.CSWTCH.95
                0x0800a568        0x4 ./gecko_sdk_4.2.3/platform/emlib/src/em_cmu.o
 .rodata.EMU_VScaleEM01.str1.1
                0x0800a56c       0x58 ./gecko_sdk_4.2.3/platform/emlib/src/em_emu.o
 .rodata.EUSART_Enable.str1.1
                0x0800a5c4       0x5b ./gecko_sdk_4.2.3/platform/emlib/src/em_eusart.o
 .rodata.GPIO_PinOutSet.str1.1
                0x0800a61f       0x59 ./gecko_sdk_4.2.3/platform/emlib/src/em_gpio.o
 .rodata.GPIO_ExtIntConfig.str1.1
                0x0800a61f       0x59 ./gecko_sdk_4.2.3/platform/emlib/src/em_gpio.o
 .rodata.I2C_BusFreqGet.str1.1
                0x0800a678       0x58 ./gecko_sdk_4.2.3/platform/emlib/src/em_i2c.o
 .rodata.CSWTCH.12
                0x0800a6d0        0xc ./gecko_sdk_4.2.3/platform/emlib/src/em_i2c.o
 .rodata.CSWTCH.13
                0x0800a6dc        0xc ./gecko_sdk_4.2.3/platform/emlib/src/em_i2c.o
 .rodata.i2cNSum
                0x0800a6e8        0x4 ./gecko_sdk_4.2.3/platform/emlib/src/em_i2c.o
 .rodata.IADC_initScan.str1.1
                0x0800a6ec       0x59 ./gecko_sdk_4.2.3/platform/emlib/src/em_iadc.o
 *fill*         0x0800a745        0x3 
 .rodata        0x0800a748       0x18 ./gecko_sdk_4.2.3/platform/emlib/src/em_iadc.o
 .rodata.CSWTCH.53
                0x0800a760        0xa ./gecko_sdk_4.2.3/platform/emlib/src/em_iadc.o
 .rodata.LDMA_EnableChannelRequest.str1.1
                0x0800a76a       0xb1 ./gecko_sdk_4.2.3/platform/emlib/src/em_ldma.o
 .rodata.USART_BaudrateAsyncSet.str1.1
                0x0800a81b       0x5a ./gecko_sdk_4.2.3/platform/emlib/src/em_usart.o
 .rodata.sl_sysrtc_init_group.str1.1
                0x0800a875       0x68 ./gecko_sdk_4.2.3/platform/peripheral/src/peripheral_sysrtc.o
 .rodata        0x0800a8dd        0x7 ./gecko_sdk_4.2.3/platform/service/device_init/src/sl_device_init_dcdc_s2.o
 .rodata        0x0800a8e4       0x28 ./gecko_sdk_4.2.3/platform/service/device_init/src/sl_device_init_hfxo_s2.o
 .rodata        0x0800a90c       0x14 ./gecko_sdk_4.2.3/platform/service/device_init/src/sl_device_init_lfxo_s2.o
 .rodata._write.str1.1
                0x0800a920       0x77 ./gecko_sdk_4.2.3/platform/service/iostream/src/sl_iostream_retarget_stdio.o
 .rodata.get_write_ptr.str1.1
                0x0800a997       0x6d ./gecko_sdk_4.2.3/platform/service/iostream/src/sl_iostream_uart.o
 .rodata.process_timer_irq.str1.1
                0x0800aa04       0x6c ./gecko_sdk_4.2.3/platform/service/sleeptimer/src/sl_sleeptimer.o
 .rodata.sl_udelay_wait.str1.1
                0x0800aa70       0x64 ./gecko_sdk_4.2.3/platform/service/udelay/src/sl_udelay.o
 .rodata._ctype_
                0x0800aad4      0x101 c:/siliconlabs/simplicitystudio/v5/developer/toolchains/gnu_arm/10.3_2021.10/bin/../lib/gcc/arm-none-eabi/10.3.1/../../../../arm-none-eabi/lib/thumb/v8-m.main+fp/hard\libc_nano.a(lib_a-ctype_.o)
                0x0800aad4                _ctype_
 *fill*         0x0800abd5        0x3 
 .rodata._global_impure_ptr
                0x0800abd8        0x4 c:/siliconlabs/simplicitystudio/v5/developer/toolchains/gnu_arm/10.3_2021.10/bin/../lib/gcc/arm-none-eabi/10.3.1/../../../../arm-none-eabi/lib/thumb/v8-m.main+fp/hard\libc_nano.a(lib_a-impure.o)
                0x0800abd8                _global_impure_ptr
 .rodata._printf_float.str1.1
                0x0800abdc       0x10 c:/siliconlabs/simplicitystudio/v5/developer/toolchains/gnu_arm/10.3_2021.10/bin/../lib/gcc/arm-none-eabi/10.3.1/../../../../arm-none-eabi/lib/thumb/v8-m.main+fp/hard\libc_nano.a(lib_a-nano-vfprintf_float.o)
                                 0x12 (size before relaxing)
 .rodata._printf_i.str1.1
                0x0800abec       0x22 c:/siliconlabs/simplicitystudio/v5/developer/toolchains/gnu_arm/10.3_2021.10/bin/../lib/gcc/arm-none-eabi/10.3.1/../../../../arm-none-eabi/lib/thumb/v8-m.main+fp/hard\libc_nano.a(lib_a-nano-vfprintf_i.o)
 .rodata._dtoa_r.str1.1
                0x0800ac0e       0xb3 c:/siliconlabs/simplicitystudio/v5/developer/toolchains/gnu_arm/10.3_2021.10/bin/../lib/gcc/arm-none-eabi/10.3.1/../../../../arm-none-eabi/lib/thumb/v8-m.main+fp/hard\libc_nano.a(lib_a-dtoa.o)
                                 0xb5 (size before relaxing)
 *fill*         0x0800acc1        0x3 
 .rodata.__sf_fake_stderr
                0x0800acc4       0x20 c:/siliconlabs/simplicitystudio/v5/developer/toolchains/gnu_arm/10.3_2021.10/bin/../lib/gcc/arm-none-eabi/10.3.1/../../../../arm-none-eabi/lib/thumb/v8-m.main+fp/hard\libc_nano.a(lib_a-findfp.o)
                0x0800acc4                __sf_fake_stderr
 .rodata.__sf_fake_stdin
                0x0800ace4       0x20 c:/siliconlabs/simplicitystudio/v5/developer/toolchains/gnu_arm/10.3_2021.10/bin/../lib/gcc/arm-none-eabi/10.3.1/../../../../arm-none-eabi/lib/thumb/v8-m.main+fp/hard\libc_nano.a(lib_a-findfp.o)
                0x0800ace4                __sf_fake_stdin
 .rodata.__sf_fake_stdout
                0x0800ad04       0x20 c:/siliconlabs/simplicitystudio/v5/developer/toolchains/gnu_arm/10.3_2021.10/bin/../lib/gcc/arm-none-eabi/10.3.1/../../../../arm-none-eabi/lib/thumb/v8-m.main+fp/hard\libc_nano.a(lib_a-findfp.o)
                0x0800ad04                __sf_fake_stdout
 .rodata._Balloc.str1.1
                0x0800ad24       0x7f c:/siliconlabs/simplicitystudio/v5/developer/toolchains/gnu_arm/10.3_2021.10/bin/../lib/gcc/arm-none-eabi/10.3.1/../../../../arm-none-eabi/lib/thumb/v8-m.main+fp/hard\libc_nano.a(lib_a-mprec.o)
                                 0x96 (size before relaxing)
 .rodata.__multadd.str1.1
                0x0800ada3       0x11 c:/siliconlabs/simplicitystudio/v5/developer/toolchains/gnu_arm/10.3_2021.10/bin/../lib/gcc/arm-none-eabi/10.3.1/../../../../arm-none-eabi/lib/thumb/v8-m.main+fp/hard\libc_nano.a(lib_a-mprec.o)
 *fill*         0x0800ada3        0x5 
 .rodata.__mprec_bigtens
                0x0800ada8       0x28 c:/siliconlabs/simplicitystudio/v5/developer/toolchains/gnu_arm/10.3_2021.10/bin/../lib/gcc/arm-none-eabi/10.3.1/../../../../arm-none-eabi/lib/thumb/v8-m.main+fp/hard\libc_nano.a(lib_a-mprec.o)